Archive member included to satisfy reference by file (symbol)

c:/st/stm32cubeide_1.10.1/stm32cubeide/plugins/com.st.stm32cube.ide.mcu.externaltools.gnu-tools-for-stm32.10.3-2021.10.win32_1.0.0.202111181127/tools/bin/../lib/gcc/arm-none-eabi/10.3.1/../../../../arm-none-eabi/lib/thumb/v7e-m+fp/hard\libc_nano.a(lib_a-errno.o)
                              ./Core/Src/syscalls.o (__errno)
c:/st/stm32cubeide_1.10.1/stm32cubeide/plugins/com.st.stm32cube.ide.mcu.externaltools.gnu-tools-for-stm32.10.3-2021.10.win32_1.0.0.202111181127/tools/bin/../lib/gcc/arm-none-eabi/10.3.1/../../../../arm-none-eabi/lib/thumb/v7e-m+fp/hard\libc_nano.a(lib_a-exit.o)
                              c:/st/stm32cubeide_1.10.1/stm32cubeide/plugins/com.st.stm32cube.ide.mcu.externaltools.gnu-tools-for-stm32.10.3-2021.10.win32_1.0.0.202111181127/tools/bin/../lib/gcc/arm-none-eabi/10.3.1/../../../../arm-none-eabi/lib/thumb/v7e-m+fp/hard/crt0.o (exit)
c:/st/stm32cubeide_1.10.1/stm32cubeide/plugins/com.st.stm32cube.ide.mcu.externaltools.gnu-tools-for-stm32.10.3-2021.10.win32_1.0.0.202111181127/tools/bin/../lib/gcc/arm-none-eabi/10.3.1/../../../../arm-none-eabi/lib/thumb/v7e-m+fp/hard\libc_nano.a(lib_a-impure.o)
                              c:/st/stm32cubeide_1.10.1/stm32cubeide/plugins/com.st.stm32cube.ide.mcu.externaltools.gnu-tools-for-stm32.10.3-2021.10.win32_1.0.0.202111181127/tools/bin/../lib/gcc/arm-none-eabi/10.3.1/../../../../arm-none-eabi/lib/thumb/v7e-m+fp/hard\libc_nano.a(lib_a-exit.o) (_global_impure_ptr)
c:/st/stm32cubeide_1.10.1/stm32cubeide/plugins/com.st.stm32cube.ide.mcu.externaltools.gnu-tools-for-stm32.10.3-2021.10.win32_1.0.0.202111181127/tools/bin/../lib/gcc/arm-none-eabi/10.3.1/../../../../arm-none-eabi/lib/thumb/v7e-m+fp/hard\libc_nano.a(lib_a-init.o)
                              c:/st/stm32cubeide_1.10.1/stm32cubeide/plugins/com.st.stm32cube.ide.mcu.externaltools.gnu-tools-for-stm32.10.3-2021.10.win32_1.0.0.202111181127/tools/bin/../lib/gcc/arm-none-eabi/10.3.1/../../../../arm-none-eabi/lib/thumb/v7e-m+fp/hard/crt0.o (__libc_init_array)
c:/st/stm32cubeide_1.10.1/stm32cubeide/plugins/com.st.stm32cube.ide.mcu.externaltools.gnu-tools-for-stm32.10.3-2021.10.win32_1.0.0.202111181127/tools/bin/../lib/gcc/arm-none-eabi/10.3.1/../../../../arm-none-eabi/lib/thumb/v7e-m+fp/hard\libc_nano.a(lib_a-memcpy-stub.o)
                              ./Core/Src/main.o (memcpy)
c:/st/stm32cubeide_1.10.1/stm32cubeide/plugins/com.st.stm32cube.ide.mcu.externaltools.gnu-tools-for-stm32.10.3-2021.10.win32_1.0.0.202111181127/tools/bin/../lib/gcc/arm-none-eabi/10.3.1/../../../../arm-none-eabi/lib/thumb/v7e-m+fp/hard\libc_nano.a(lib_a-memset.o)
                              c:/st/stm32cubeide_1.10.1/stm32cubeide/plugins/com.st.stm32cube.ide.mcu.externaltools.gnu-tools-for-stm32.10.3-2021.10.win32_1.0.0.202111181127/tools/bin/../lib/gcc/arm-none-eabi/10.3.1/../../../../arm-none-eabi/lib/thumb/v7e-m+fp/hard/crt0.o (memset)
c:/st/stm32cubeide_1.10.1/stm32cubeide/plugins/com.st.stm32cube.ide.mcu.externaltools.gnu-tools-for-stm32.10.3-2021.10.win32_1.0.0.202111181127/tools/bin/../lib/gcc/arm-none-eabi/10.3.1/../../../../arm-none-eabi/lib/thumb/v7e-m+fp/hard\libm.a(lib_a-sf_round.o)
                              ./Core/Src/mocap_teleop_lib.o (roundf)
c:/st/stm32cubeide_1.10.1/stm32cubeide/plugins/com.st.stm32cube.ide.mcu.externaltools.gnu-tools-for-stm32.10.3-2021.10.win32_1.0.0.202111181127/tools/bin/../lib/gcc/arm-none-eabi/10.3.1/thumb/v7e-m+fp/hard\libgcc.a(_aeabi_uldivmod.o)
                              ./Drivers/STM32F4xx_HAL_Driver/Src/stm32f4xx_hal_rcc.o (__aeabi_uldivmod)
c:/st/stm32cubeide_1.10.1/stm32cubeide/plugins/com.st.stm32cube.ide.mcu.externaltools.gnu-tools-for-stm32.10.3-2021.10.win32_1.0.0.202111181127/tools/bin/../lib/gcc/arm-none-eabi/10.3.1/thumb/v7e-m+fp/hard\libgcc.a(_udivmoddi4.o)
                              c:/st/stm32cubeide_1.10.1/stm32cubeide/plugins/com.st.stm32cube.ide.mcu.externaltools.gnu-tools-for-stm32.10.3-2021.10.win32_1.0.0.202111181127/tools/bin/../lib/gcc/arm-none-eabi/10.3.1/thumb/v7e-m+fp/hard\libgcc.a(_aeabi_uldivmod.o) (__udivmoddi4)
c:/st/stm32cubeide_1.10.1/stm32cubeide/plugins/com.st.stm32cube.ide.mcu.externaltools.gnu-tools-for-stm32.10.3-2021.10.win32_1.0.0.202111181127/tools/bin/../lib/gcc/arm-none-eabi/10.3.1/thumb/v7e-m+fp/hard\libgcc.a(_dvmd_tls.o)
                              c:/st/stm32cubeide_1.10.1/stm32cubeide/plugins/com.st.stm32cube.ide.mcu.externaltools.gnu-tools-for-stm32.10.3-2021.10.win32_1.0.0.202111181127/tools/bin/../lib/gcc/arm-none-eabi/10.3.1/thumb/v7e-m+fp/hard\libgcc.a(_aeabi_uldivmod.o) (__aeabi_ldiv0)

Discarded input sections

 .text          0x0000000000000000        0x0 c:/st/stm32cubeide_1.10.1/stm32cubeide/plugins/com.st.stm32cube.ide.mcu.externaltools.gnu-tools-for-stm32.10.3-2021.10.win32_1.0.0.202111181127/tools/bin/../lib/gcc/arm-none-eabi/10.3.1/thumb/v7e-m+fp/hard/crti.o
[...]
Memory Configuration

Name             Origin             Length             Attributes
RAM              0x0000000020000000 0x0000000000018000 xrw
FLASH            0x0000000008000000 0x0000000000080000 xr
*default*        0x0000000000000000 0xffffffffffffffff

Linker script and memory map

LOAD c:/st/stm32cubeide_1.10.1/stm32cubeide/plugins/com.st.stm32cube.ide.mcu.externaltools.gnu-tools-for-stm32.10.3-2021.10.win32_1.0.0.202111181127/tools/bin/../lib/gcc/arm-none-eabi/10.3.1/thumb/v7e-m+fp/hard/crti.o
LOAD c:/st/stm32cubeide_1.10.1/stm32cubeide/plugins/com.st.stm32cube.ide.mcu.externaltools.gnu-tools-for-stm32.10.3-2021.10.win32_1.0.0.202111181127/tools/bin/../lib/gcc/arm-none-eabi/10.3.1/thumb/v7e-m+fp/hard/crtbegin.o
LOAD c:/st/stm32cubeide_1.10.1/stm32cubeide/plugins/com.st.stm32cube.ide.mcu.externaltools.gnu-tools-for-stm32.10.3-2021.10.win32_1.0.0.202111181127/tools/bin/../lib/gcc/arm-none-eabi/10.3.1/../../../../arm-none-eabi/lib/thumb/v7e-m+fp/hard/crt0.o
LOAD ./Core/Src/crc.o
LOAD ./Core/Src/globals.o
LOAD ./Core/Src/gpio.o
LOAD ./Core/Src/main.o
LOAD ./Core/Src/mocap_teleop_lib.o
LOAD ./Core/Src/stm32f4xx_hal_msp.o
LOAD ./Core/Src/stm32f4xx_it.o
LOAD ./Core/Src/syscalls.o
LOAD ./Core/Src/sysmem.o
LOAD ./Core/Src/system_stm32f4xx.o
LOAD ./Core/Src/tim.o
LOAD ./Core/Src/usart.o
LOAD ./Core/Startup/startup_stm32f401retx.o
LOAD ./Drivers/STM32F4xx_HAL_Driver/Src/stm32f4xx_hal.o
LOAD ./Drivers/STM32F4xx_HAL_Driver/Src/stm32f4xx_hal_cortex.o
LOAD ./Drivers/STM32F4xx_HAL_Driver/Src/stm32f4xx_hal_crc.o
LOAD ./Drivers/STM32F4xx_HAL_Driver/Src/stm32f4xx_hal_dma.o
LOAD ./Drivers/STM32F4xx_HAL_Driver/Src/stm32f4xx_hal_dma_ex.o
LOAD ./Drivers/STM32F4xx_HAL_Driver/Src/stm32f4xx_hal_exti.o
LOAD ./Drivers/STM32F4xx_HAL_Driver/Src/stm32f4xx_hal_flash.o
LOAD ./Drivers/STM32F4xx_HAL_Driver/Src/stm32f4xx_hal_flash_ex.o
LOAD ./Drivers/STM32F4xx_HAL_Driver/Src/stm32f4xx_hal_flash_ramfunc.o
LOAD ./Drivers/STM32F4xx_HAL_Driver/Src/stm32f4xx_hal_gpio.o
LOAD ./Drivers/STM32F4xx_HAL_Driver/Src/stm32f4xx_hal_pcd.o
LOAD ./Drivers/STM32F4xx_HAL_Driver/Src/stm32f4xx_hal_pcd_ex.o
LOAD ./Drivers/STM32F4xx_HAL_Driver/Src/stm32f4xx_hal_pwr.o
LOAD ./Drivers/STM32F4xx_HAL_Driver/Src/stm32f4xx_hal_pwr_ex.o
LOAD ./Drivers/STM32F4xx_HAL_Driver/Src/stm32f4xx_hal_rcc.o
LOAD ./Drivers/STM32F4xx_HAL_Driver/Src/stm32f4xx_hal_rcc_ex.o
LOAD ./Drivers/STM32F4xx_HAL_Driver/Src/stm32f4xx_hal_tim.o
LOAD ./Drivers/STM32F4xx_HAL_Driver/Src/stm32f4xx_hal_tim_ex.o
LOAD ./Drivers/STM32F4xx_HAL_Driver/Src/stm32f4xx_ll_dma.o
LOAD ./Drivers/STM32F4xx_HAL_Driver/Src/stm32f4xx_ll_exti.o
LOAD ./Drivers/STM32F4xx_HAL_Driver/Src/stm32f4xx_ll_gpio.o
LOAD ./Drivers/STM32F4xx_HAL_Driver/Src/stm32f4xx_ll_rcc.o
LOAD ./Drivers/STM32F4xx_HAL_Driver/Src/stm32f4xx_ll_tim.o
LOAD ./Drivers/STM32F4xx_HAL_Driver/Src/stm32f4xx_ll_usart.o
LOAD ./Drivers/STM32F4xx_HAL_Driver/Src/stm32f4xx_ll_usb.o
LOAD ./Drivers/STM32F4xx_HAL_Driver/Src/stm32f4xx_ll_utils.o
LOAD ./Middlewares/ST/STM32_USB_Device_Library/Class/CDC/Src/usbd_cdc.o
LOAD ./Middlewares/ST/STM32_USB_Device_Library/Core/Src/usbd_core.o
LOAD ./Middlewares/ST/STM32_USB_Device_Library/Core/Src/usbd_ctlreq.o
LOAD ./Middlewares/ST/STM32_USB_Device_Library/Core/Src/usbd_ioreq.o
LOAD ./USB_DEVICE/App/usb_device.o
LOAD ./USB_DEVICE/App/usbd_cdc_if.o
LOAD ./USB_DEVICE/App/usbd_desc.o
LOAD ./USB_DEVICE/Target/usbd_conf.o
START GROUP
LOAD c:/st/stm32cubeide_1.10.1/stm32cubeide/plugins/com.st.stm32cube.ide.mcu.externaltools.gnu-tools-for-stm32.10.3-2021.10.win32_1.0.0.202111181127/tools/bin/../lib/gcc/arm-none-eabi/10.3.1/../../../../arm-none-eabi/lib/thumb/v7e-m+fp/hard\libc_nano.a
LOAD c:/st/stm32cubeide_1.10.1/stm32cubeide/plugins/com.st.stm32cube.ide.mcu.externaltools.gnu-tools-for-stm32.10.3-2021.10.win32_1.0.0.202111181127/tools/bin/../lib/gcc/arm-none-eabi/10.3.1/../../../../arm-none-eabi/lib/thumb/v7e-m+fp/hard\libm.a
END GROUP
START GROUP
LOAD c:/st/stm32cubeide_1.10.1/stm32cubeide/plugins/com.st.stm32cube.ide.mcu.externaltools.gnu-tools-for-stm32.10.3-2021.10.win32_1.0.0.202111181127/tools/bin/../lib/gcc/arm-none-eabi/10.3.1/thumb/v7e-m+fp/hard\libgcc.a
LOAD c:/st/stm32cubeide_1.10.1/stm32cubeide/plugins/com.st.stm32cube.ide.mcu.externaltools.gnu-tools-for-stm32.10.3-2021.10.win32_1.0.0.202111181127/tools/bin/../lib/gcc/arm-none-eabi/10.3.1/../../../../arm-none-eabi/lib/thumb/v7e-m+fp/hard\libc_nano.a
END GROUP
START GROUP
LOAD c:/st/stm32cubeide_1.10.1/stm32cubeide/plugins/com.st.stm32cube.ide.mcu.externaltools.gnu-tools-for-stm32.10.3-2021.10.win32_1.0.0.202111181127/tools/bin/../lib/gcc/arm-none-eabi/10.3.1/thumb/v7e-m+fp/hard\libgcc.a
LOAD c:/st/stm32cubeide_1.10.1/stm32cubeide/plugins/com.st.stm32cube.ide.mcu.externaltools.gnu-tools-for-stm32.10.3-2021.10.win32_1.0.0.202111181127/tools/bin/../lib/gcc/arm-none-eabi/10.3.1/../../../../arm-none-eabi/lib/thumb/v7e-m+fp/hard\libc_nano.a
LOAD c:/st/stm32cubeide_1.10.1/stm32cubeide/plugins/com.st.stm32cube.ide.mcu.externaltools.gnu-tools-for-stm32.10.3-2021.10.win32_1.0.0.202111181127/tools/bin/../lib/gcc/arm-none-eabi/10.3.1/../../../../arm-none-eabi/lib/thumb/v7e-m+fp/hard\libnosys.a
END GROUP
START GROUP
LOAD c:/st/stm32cubeide_1.10.1/stm32cubeide/plugins/com.st.stm32cube.ide.mcu.externaltools.gnu-tools-for-stm32.10.3-2021.10.win32_1.0.0.202111181127/tools/bin/../lib/gcc/arm-none-eabi/10.3.1/thumb/v7e-m+fp/hard\libgcc.a
LOAD c:/st/stm32cubeide_1.10.1/stm32cubeide/plugins/com.st.stm32cube.ide.mcu.externaltools.gnu-tools-for-stm32.10.3-2021.10.win32_1.0.0.202111181127/tools/bin/../lib/gcc/arm-none-eabi/10.3.1/../../../../arm-none-eabi/lib/thumb/v7e-m+fp/hard\libc_nano.a
LOAD c:/st/stm32cubeide_1.10.1/stm32cubeide/plugins/com.st.stm32cube.ide.mcu.externaltools.gnu-tools-for-stm32.10.3-2021.10.win32_1.0.0.202111181127/tools/bin/../lib/gcc/arm-none-eabi/10.3.1/../../../../arm-none-eabi/lib/thumb/v7e-m+fp/hard\libnosys.a
END GROUP
LOAD c:/st/stm32cubeide_1.10.1/stm32cubeide/plugins/com.st.stm32cube.ide.mcu.externaltools.gnu-tools-for-stm32.10.3-2021.10.win32_1.0.0.202111181127/tools/bin/../lib/gcc/arm-none-eabi/10.3.1/thumb/v7e-m+fp/hard/crtend.o
LOAD c:/st/stm32cubeide_1.10.1/stm32cubeide/plugins/com.st.stm32cube.ide.mcu.externaltools.gnu-tools-for-stm32.10.3-2021.10.win32_1.0.0.202111181127/tools/bin/../lib/gcc/arm-none-eabi/10.3.1/thumb/v7e-m+fp/hard/crtn.o
                0x0000000020018000                _estack = (ORIGIN (RAM) + LENGTH (RAM))
                0x0000000000000200                _Min_Heap_Size = 0x200
                0x0000000000000400                _Min_Stack_Size = 0x400

.isr_vector     0x0000000008000000      0x194
                0x0000000008000000                . = ALIGN (0x4)
 *(.isr_vector)
 .isr_vector    0x0000000008000000      0x194 ./Core/Startup/startup_stm32f401retx.o
                0x0000000008000000                g_pfnVectors
                0x0000000008000194                . = ALIGN (0x4)

.text           0x0000000008000194     0x8b84
                0x0000000008000194                . = ALIGN (0x4)
 *(.text)
 .text          0x0000000008000194       0x40 c:/st/stm32cubeide_1.10.1/stm32cubeide/plugins/com.st.stm32cube.ide.mcu.externaltools.gnu-tools-for-stm32.10.3-2021.10.win32_1.0.0.202111181127/tools/bin/../lib/gcc/arm-none-eabi/10.3.1/thumb/v7e-m+fp/hard/crtbegin.o
 .text          0x00000000080001d4       0x30 c:/st/stm32cubeide_1.10.1/stm32cubeide/plugins/com.st.stm32cube.ide.mcu.externaltools.gnu-tools-for-stm32.10.3-2021.10.win32_1.0.0.202111181127/tools/bin/../lib/gcc/arm-none-eabi/10.3.1/thumb/v7e-m+fp/hard\libgcc.a(_aeabi_uldivmod.o)
                0x00000000080001d4                __aeabi_uldivmod
 .text          0x0000000008000204      0x2d0 c:/st/stm32cubeide_1.10.1/stm32cubeide/plugins/com.st.stm32cube.ide.mcu.externaltools.gnu-tools-for-stm32.10.3-2021.10.win32_1.0.0.202111181127/tools/bin/../lib/gcc/arm-none-eabi/10.3.1/thumb/v7e-m+fp/hard\libgcc.a(_udivmoddi4.o)
                0x0000000008000204                __udivmoddi4
 .text          0x00000000080004d4        0x4 c:/st/stm32cubeide_1.10.1/stm32cubeide/plugins/com.st.stm32cube.ide.mcu.externaltools.gnu-tools-for-stm32.10.3-2021.10.win32_1.0.0.202111181127/tools/bin/../lib/gcc/arm-none-eabi/10.3.1/thumb/v7e-m+fp/hard\libgcc.a(_dvmd_tls.o)
                0x00000000080004d4                __aeabi_idiv0
                0x00000000080004d4                __aeabi_ldiv0
 *(.text*)
 .text.MX_CRC_Init
                0x00000000080004d8       0x28 ./Core/Src/crc.o
                0x00000000080004d8                MX_CRC_Init
 .text.HAL_CRC_MspInit
                0x0000000008000500       0x44 ./Core/Src/crc.o
                0x0000000008000500                HAL_CRC_MspInit
 .text.LL_AHB1_GRP1_EnableClock
                0x0000000008000544       0x30 ./Core/Src/gpio.o
 .text.LL_GPIO_ResetOutputPin
                0x0000000008000574       0x1e ./Core/Src/gpio.o
 *fill*         0x0000000008000592        0x2 
 .text.MX_GPIO_Init
                0x0000000008000594       0x8c ./Core/Src/gpio.o
                0x0000000008000594                MX_GPIO_Init
 .text.__NVIC_EnableIRQ
                0x0000000008000620       0x3c ./Core/Src/main.o
 .text.LL_RCC_HSE_Enable
                0x000000000800065c       0x20 ./Core/Src/main.o
 .text.LL_RCC_HSE_IsReady
                0x000000000800067c       0x28 ./Core/Src/main.o
 .text.LL_RCC_SetSysClkSource
                0x00000000080006a4       0x28 ./Core/Src/main.o
 .text.LL_RCC_GetSysClkSource
                0x00000000080006cc       0x1c ./Core/Src/main.o
 .text.LL_RCC_SetAHBPrescaler
                0x00000000080006e8       0x28 ./Core/Src/main.o
 .text.LL_RCC_SetAPB1Prescaler
                0x0000000008000710       0x28 ./Core/Src/main.o
 .text.LL_RCC_SetAPB2Prescaler
                0x0000000008000738       0x28 ./Core/Src/main.o
 .text.LL_RCC_SetTIMPrescaler
                0x0000000008000760       0x2c ./Core/Src/main.o
 .text.LL_RCC_PLL_Enable
                0x000000000800078c       0x20 ./Core/Src/main.o
 .text.LL_RCC_PLL_IsReady
                0x00000000080007ac       0x28 ./Core/Src/main.o
 .text.LL_RCC_PLL_ConfigDomain_SYS
                0x00000000080007d4       0x4c ./Core/Src/main.o
 .text.LL_RCC_PLL_ConfigDomain_48M
                0x0000000008000820       0x40 ./Core/Src/main.o
 .text.LL_FLASH_SetLatency
                0x0000000008000860       0x28 ./Core/Src/main.o
 .text.LL_FLASH_GetLatency
                0x0000000008000888       0x1c ./Core/Src/main.o
 .text.LL_PWR_SetRegulVoltageScaling
                0x00000000080008a4       0x28 ./Core/Src/main.o
 .text.LL_TIM_EnableCounter
                0x00000000080008cc       0x20 ./Core/Src/main.o
 .text.LL_TIM_CC_EnableChannel
                0x00000000080008ec       0x22 ./Core/Src/main.o
 .text.LL_TIM_OC_SetCompareCH2
                0x000000000800090e       0x1c ./Core/Src/main.o
 .text.LL_USART_EnableIT_RXNE
                0x000000000800092a       0x46 ./Core/Src/main.o
 .text.LL_USART_EnableIT_ERROR
                0x0000000008000970       0x46 ./Core/Src/main.o
 .text.LL_GPIO_SetOutputPin
                0x00000000080009b6       0x1c ./Core/Src/main.o
 .text.LL_GPIO_ResetOutputPin
                0x00000000080009d2       0x1e ./Core/Src/main.o
 .text.main     0x00000000080009f0      0x200 ./Core/Src/main.o
                0x00000000080009f0                main
 .text.SystemClock_Config
                0x0000000008000bf0       0xa8 ./Core/Src/main.o
                0x0000000008000bf0                SystemClock_Config
 .text.Error_Handler
                0x0000000008000c98        0xa ./Core/Src/main.o
                0x0000000008000c98                Error_Handler
 .text.LL_TIM_OC_SetCompareCH2
                0x0000000008000ca2       0x1c ./Core/Src/mocap_teleop_lib.o
 .text.LL_USART_IsActiveFlag_TC
                0x0000000008000cbe       0x26 ./Core/Src/mocap_teleop_lib.o
 .text.LL_USART_IsActiveFlag_TXE
                0x0000000008000ce4       0x26 ./Core/Src/mocap_teleop_lib.o
 .text.LL_USART_ClearFlag_TC
                0x0000000008000d0a       0x1c ./Core/Src/mocap_teleop_lib.o
 .text.LL_USART_TransmitData8
                0x0000000008000d26       0x1e ./Core/Src/mocap_teleop_lib.o
 .text.LL_GPIO_SetOutputPin
                0x0000000008000d44       0x1c ./Core/Src/mocap_teleop_lib.o
 .text.LL_GPIO_ResetOutputPin
                0x0000000008000d60       0x1e ./Core/Src/mocap_teleop_lib.o
 *fill*         0x0000000008000d7e        0x2 
 .text.transmitData
                0x0000000008000d80       0x70 ./Core/Src/mocap_teleop_lib.o
                0x0000000008000d80                transmitData
 .text.readForseSensor
                0x0000000008000df0       0xd0 ./Core/Src/mocap_teleop_lib.o
                0x0000000008000df0                readForseSensor
 .text.clearBufferAndCounter
                0x0000000008000ec0       0x4c ./Core/Src/mocap_teleop_lib.o
                0x0000000008000ec0                clearBufferAndCounter
 .text.set_new_force
                0x0000000008000f0c       0x90 ./Core/Src/mocap_teleop_lib.o
                0x0000000008000f0c                set_new_force
 .text.stop_motor
                0x0000000008000f9c       0x14 ./Core/Src/mocap_teleop_lib.o
                0x0000000008000f9c                stop_motor
 .text.calibration
                0x0000000008000fb0       0x34 ./Core/Src/mocap_teleop_lib.o
                0x0000000008000fb0                calibration
 .text.HAL_MspInit
                0x0000000008000fe4       0x50 ./Core/Src/stm32f4xx_hal_msp.o
                0x0000000008000fe4                HAL_MspInit
 .text.LL_USART_IsActiveFlag_PE
                0x0000000008001034       0x26 ./Core/Src/stm32f4xx_it.o
 .text.LL_USART_IsActiveFlag_FE
                0x000000000800105a       0x26 ./Core/Src/stm32f4xx_it.o
 .text.LL_USART_IsActiveFlag_ORE
                0x0000000008001080       0x26 ./Core/Src/stm32f4xx_it.o
 .text.LL_USART_IsActiveFlag_RXNE
                0x00000000080010a6       0x26 ./Core/Src/stm32f4xx_it.o
 .text.LL_USART_ClearFlag_PE
                0x00000000080010cc       0x24 ./Core/Src/stm32f4xx_it.o
 .text.LL_USART_ClearFlag_FE
                0x00000000080010f0       0x24 ./Core/Src/stm32f4xx_it.o
 .text.LL_USART_ClearFlag_ORE
                0x0000000008001114       0x24 ./Core/Src/stm32f4xx_it.o
 .text.LL_USART_IsEnabledIT_RXNE
                0x0000000008001138       0x26 ./Core/Src/stm32f4xx_it.o
 .text.LL_USART_ReceiveData8
                0x000000000800115e       0x1a ./Core/Src/stm32f4xx_it.o
 .text.NMI_Handler
                0x0000000008001178        0x6 ./Core/Src/stm32f4xx_it.o
                0x0000000008001178                NMI_Handler
 .text.HardFault_Handler
                0x000000000800117e        0x6 ./Core/Src/stm32f4xx_it.o
                0x000000000800117e                HardFault_Handler
 .text.MemManage_Handler
                0x0000000008001184        0x6 ./Core/Src/stm32f4xx_it.o
                0x0000000008001184                MemManage_Handler
 .text.BusFault_Handler
                0x000000000800118a        0x6 ./Core/Src/stm32f4xx_it.o
                0x000000000800118a                BusFault_Handler
 .text.UsageFault_Handler
                0x0000000008001190        0x6 ./Core/Src/stm32f4xx_it.o
                0x0000000008001190                UsageFault_Handler
 .text.SVC_Handler
                0x0000000008001196        0xe ./Core/Src/stm32f4xx_it.o
                0x0000000008001196                SVC_Handler
 .text.DebugMon_Handler
                0x00000000080011a4        0xe ./Core/Src/stm32f4xx_it.o
                0x00000000080011a4                DebugMon_Handler
 .text.PendSV_Handler
                0x00000000080011b2        0xe ./Core/Src/stm32f4xx_it.o
                0x00000000080011b2                PendSV_Handler
 .text.SysTick_Handler
                0x00000000080011c0        0xc ./Core/Src/stm32f4xx_it.o
                0x00000000080011c0                SysTick_Handler
 .text.TIM3_IRQHandler
                0x00000000080011cc        0xe ./Core/Src/stm32f4xx_it.o
                0x00000000080011cc                TIM3_IRQHandler
 .text.TIM4_IRQHandler
                0x00000000080011da        0xe ./Core/Src/stm32f4xx_it.o
                0x00000000080011da                TIM4_IRQHandler
 .text.USART2_IRQHandler
                0x00000000080011e8       0x84 ./Core/Src/stm32f4xx_it.o
                0x00000000080011e8                USART2_IRQHandler
 .text.OTG_FS_IRQHandler
                0x000000000800126c       0x14 ./Core/Src/stm32f4xx_it.o
                0x000000000800126c                OTG_FS_IRQHandler
 .text.SystemInit
                0x0000000008001280       0x24 ./Core/Src/system_stm32f4xx.o
                0x0000000008001280                SystemInit
 .text.__NVIC_GetPriorityGrouping
                0x00000000080012a4       0x1c ./Core/Src/tim.o
 .text.__NVIC_EnableIRQ
                0x00000000080012c0       0x3c ./Core/Src/tim.o
 .text.__NVIC_SetPriority
                0x00000000080012fc       0x54 ./Core/Src/tim.o
 .text.NVIC_EncodePriority
                0x0000000008001350       0x66 ./Core/Src/tim.o
 *fill*         0x00000000080013b6        0x2 
 .text.LL_AHB1_GRP1_EnableClock
                0x00000000080013b8       0x30 ./Core/Src/tim.o
 .text.LL_APB1_GRP1_EnableClock
                0x00000000080013e8       0x30 ./Core/Src/tim.o
 .text.LL_TIM_DisableARRPreload
                0x0000000008001418       0x20 ./Core/Src/tim.o
 .text.LL_TIM_OC_DisableFast
                0x0000000008001438       0x8c ./Core/Src/tim.o
 .text.LL_TIM_OC_EnablePreload
                0x00000000080014c4       0x88 ./Core/Src/tim.o
 .text.LL_TIM_IC_SetActiveInput
                0x000000000800154c       0x9c ./Core/Src/tim.o
 .text.LL_TIM_IC_SetPrescaler
                0x00000000080015e8       0x9c ./Core/Src/tim.o
 .text.LL_TIM_IC_SetFilter
                0x0000000008001684       0x9c ./Core/Src/tim.o
 .text.LL_TIM_IC_SetPolarity
                0x0000000008001720       0x88 ./Core/Src/tim.o
 .text.LL_TIM_SetEncoderMode
                0x00000000080017a8       0x26 ./Core/Src/tim.o
 .text.LL_TIM_SetTriggerOutput
                0x00000000080017ce       0x26 ./Core/Src/tim.o
 .text.LL_TIM_DisableMasterSlaveMode
                0x00000000080017f4       0x20 ./Core/Src/tim.o
 .text.MX_TIM3_Init
                0x0000000008001814       0xf8 ./Core/Src/tim.o
                0x0000000008001814                MX_TIM3_Init
 .text.MX_TIM4_Init
                0x000000000800190c      0x118 ./Core/Src/tim.o
                0x000000000800190c                MX_TIM4_Init
 .text.__NVIC_GetPriorityGrouping
                0x0000000008001a24       0x1c ./Core/Src/usart.o
 .text.__NVIC_EnableIRQ
                0x0000000008001a40       0x3c ./Core/Src/usart.o
 .text.__NVIC_SetPriority
                0x0000000008001a7c       0x54 ./Core/Src/usart.o
 .text.NVIC_EncodePriority
                0x0000000008001ad0       0x66 ./Core/Src/usart.o
 *fill*         0x0000000008001b36        0x2 
 .text.LL_AHB1_GRP1_EnableClock
                0x0000000008001b38       0x30 ./Core/Src/usart.o
 .text.LL_APB1_GRP1_EnableClock
                0x0000000008001b68       0x30 ./Core/Src/usart.o
 .text.LL_USART_Enable
                0x0000000008001b98       0x20 ./Core/Src/usart.o
 .text.LL_USART_ConfigAsyncMode
                0x0000000008001bb8       0x2c ./Core/Src/usart.o
 .text.MX_USART2_UART_Init
                0x0000000008001be4       0xc0 ./Core/Src/usart.o
                0x0000000008001be4                MX_USART2_UART_Init
 .text.Reset_Handler
                0x0000000008001ca4       0x50 ./Core/Startup/startup_stm32f401retx.o
                0x0000000008001ca4                Reset_Handler
 .text.Default_Handler
                0x0000000008001cf4        0x2 ./Core/Startup/startup_stm32f401retx.o
                0x0000000008001cf4                RTC_Alarm_IRQHandler
                0x0000000008001cf4                EXTI2_IRQHandler
                0x0000000008001cf4                SPI4_IRQHandler
                0x0000000008001cf4                TIM1_CC_IRQHandler
                0x0000000008001cf4                DMA2_Stream5_IRQHandler
                0x0000000008001cf4                DMA1_Stream5_IRQHandler
                0x0000000008001cf4                PVD_IRQHandler
                0x0000000008001cf4                SDIO_IRQHandler
                0x0000000008001cf4                TAMP_STAMP_IRQHandler
                0x0000000008001cf4                EXTI3_IRQHandler
                0x0000000008001cf4                TIM1_UP_TIM10_IRQHandler
                0x0000000008001cf4                I2C3_ER_IRQHandler
                0x0000000008001cf4                EXTI0_IRQHandler
                0x0000000008001cf4                I2C2_EV_IRQHandler
                0x0000000008001cf4                DMA1_Stream2_IRQHandler
                0x0000000008001cf4                FPU_IRQHandler
                0x0000000008001cf4                DMA2_Stream2_IRQHandler
                0x0000000008001cf4                SPI1_IRQHandler
                0x0000000008001cf4                TIM1_BRK_TIM9_IRQHandler
                0x0000000008001cf4                DMA2_Stream3_IRQHandler
                0x0000000008001cf4                USART6_IRQHandler
                0x0000000008001cf4                DMA2_Stream0_IRQHandler
                0x0000000008001cf4                I2C1_EV_IRQHandler
                0x0000000008001cf4                DMA1_Stream6_IRQHandler
                0x0000000008001cf4                DMA1_Stream1_IRQHandler
                0x0000000008001cf4                RCC_IRQHandler
                0x0000000008001cf4                Default_Handler
                0x0000000008001cf4                EXTI15_10_IRQHandler
                0x0000000008001cf4                ADC_IRQHandler
                0x0000000008001cf4                DMA1_Stream7_IRQHandler
                0x0000000008001cf4                TIM5_IRQHandler
                0x0000000008001cf4                DMA2_Stream7_IRQHandler
                0x0000000008001cf4                I2C3_EV_IRQHandler
                0x0000000008001cf4                EXTI9_5_IRQHandler
                0x0000000008001cf4                RTC_WKUP_IRQHandler
                0x0000000008001cf4                SPI2_IRQHandler
                0x0000000008001cf4                DMA1_Stream0_IRQHandler
                0x0000000008001cf4                EXTI4_IRQHandler
                0x0000000008001cf4                WWDG_IRQHandler
                0x0000000008001cf4                TIM2_IRQHandler
                0x0000000008001cf4                OTG_FS_WKUP_IRQHandler
                0x0000000008001cf4                TIM1_TRG_COM_TIM11_IRQHandler
                0x0000000008001cf4                EXTI1_IRQHandler
                0x0000000008001cf4                I2C2_ER_IRQHandler
                0x0000000008001cf4                DMA2_Stream1_IRQHandler
                0x0000000008001cf4                FLASH_IRQHandler
                0x0000000008001cf4                DMA2_Stream4_IRQHandler
                0x0000000008001cf4                USART1_IRQHandler
                0x0000000008001cf4                SPI3_IRQHandler
                0x0000000008001cf4                DMA1_Stream4_IRQHandler
                0x0000000008001cf4                I2C1_ER_IRQHandler
                0x0000000008001cf4                DMA2_Stream6_IRQHandler
                0x0000000008001cf4                DMA1_Stream3_IRQHandler
 *fill*         0x0000000008001cf6        0x2 
 .text.HAL_Init
                0x0000000008001cf8       0x44 ./Drivers/STM32F4xx_HAL_Driver/Src/stm32f4xx_hal.o
                0x0000000008001cf8                HAL_Init
 .text.HAL_InitTick
                0x0000000008001d3c       0x60 ./Drivers/STM32F4xx_HAL_Driver/Src/stm32f4xx_hal.o
                0x0000000008001d3c                HAL_InitTick
 .text.HAL_IncTick
                0x0000000008001d9c       0x28 ./Drivers/STM32F4xx_HAL_Driver/Src/stm32f4xx_hal.o
                0x0000000008001d9c                HAL_IncTick
 .text.HAL_GetTick
                0x0000000008001dc4       0x18 ./Drivers/STM32F4xx_HAL_Driver/Src/stm32f4xx_hal.o
                0x0000000008001dc4                HAL_GetTick
 .text.HAL_Delay
                0x0000000008001ddc       0x48 ./Drivers/STM32F4xx_HAL_Driver/Src/stm32f4xx_hal.o
                0x0000000008001ddc                HAL_Delay
 .text.__NVIC_SetPriorityGrouping
                0x0000000008001e24       0x48 ./Drivers/STM32F4xx_HAL_Driver/Src/stm32f4xx_hal_cortex.o
 .text.__NVIC_GetPriorityGrouping
                0x0000000008001e6c       0x1c ./Drivers/STM32F4xx_HAL_Driver/Src/stm32f4xx_hal_cortex.o
 .text.__NVIC_EnableIRQ
                0x0000000008001e88       0x3c ./Drivers/STM32F4xx_HAL_Driver/Src/stm32f4xx_hal_cortex.o
 .text.__NVIC_SetPriority
                0x0000000008001ec4       0x54 ./Drivers/STM32F4xx_HAL_Driver/Src/stm32f4xx_hal_cortex.o
 .text.NVIC_EncodePriority
                0x0000000008001f18       0x66 ./Drivers/STM32F4xx_HAL_Driver/Src/stm32f4xx_hal_cortex.o
 *fill*         0x0000000008001f7e        0x2 
 .text.SysTick_Config
                0x0000000008001f80       0x44 ./Drivers/STM32F4xx_HAL_Driver/Src/stm32f4xx_hal_cortex.o
 .text.HAL_NVIC_SetPriorityGrouping
                0x0000000008001fc4       0x16 ./Drivers/STM32F4xx_HAL_Driver/Src/stm32f4xx_hal_cortex.o
                0x0000000008001fc4                HAL_NVIC_SetPriorityGrouping
 .text.HAL_NVIC_SetPriority
                0x0000000008001fda       0x38 ./Drivers/STM32F4xx_HAL_Driver/Src/stm32f4xx_hal_cortex.o
                0x0000000008001fda                HAL_NVIC_SetPriority
 .text.HAL_NVIC_EnableIRQ
                0x0000000008002012       0x1c ./Drivers/STM32F4xx_HAL_Driver/Src/stm32f4xx_hal_cortex.o
                0x0000000008002012                HAL_NVIC_EnableIRQ
 .text.HAL_SYSTICK_Config
                0x000000000800202e       0x18 ./Drivers/STM32F4xx_HAL_Driver/Src/stm32f4xx_hal_cortex.o
                0x000000000800202e                HAL_SYSTICK_Config
 .text.HAL_CRC_Init
                0x0000000008002046       0x38 ./Drivers/STM32F4xx_HAL_Driver/Src/stm32f4xx_hal_crc.o
                0x0000000008002046                HAL_CRC_Init
 .text.HAL_CRC_Calculate
                0x000000000800207e       0x66 ./Drivers/STM32F4xx_HAL_Driver/Src/stm32f4xx_hal_crc.o
                0x000000000800207e                HAL_CRC_Calculate
 .text.HAL_GPIO_Init
                0x00000000080020e4      0x308 ./Drivers/STM32F4xx_HAL_Driver/Src/stm32f4xx_hal_gpio.o
                0x00000000080020e4                HAL_GPIO_Init
 .text.HAL_PCD_Init
                0x00000000080023ec      0x23a ./Drivers/STM32F4xx_HAL_Driver/Src/stm32f4xx_hal_pcd.o
                0x00000000080023ec                HAL_PCD_Init
 .text.HAL_PCD_Start
                0x0000000008002626       0x66 ./Drivers/STM32F4xx_HAL_Driver/Src/stm32f4xx_hal_pcd.o
                0x0000000008002626                HAL_PCD_Start
 .text.HAL_PCD_IRQHandler
                0x000000000800268c      0x93e ./Drivers/STM32F4xx_HAL_Driver/Src/stm32f4xx_hal_pcd.o
                0x000000000800268c                HAL_PCD_IRQHandler
 .text.HAL_PCD_SetAddress
                0x0000000008002fca       0x4a ./Drivers/STM32F4xx_HAL_Driver/Src/stm32f4xx_hal_pcd.o
                0x0000000008002fca                HAL_PCD_SetAddress
 .text.HAL_PCD_EP_Open
                0x0000000008003014       0xd0 ./Drivers/STM32F4xx_HAL_Driver/Src/stm32f4xx_hal_pcd.o
                0x0000000008003014                HAL_PCD_EP_Open
 .text.HAL_PCD_EP_Close
                0x00000000080030e4       0x94 ./Drivers/STM32F4xx_HAL_Driver/Src/stm32f4xx_hal_pcd.o
                0x00000000080030e4                HAL_PCD_EP_Close
 .text.HAL_PCD_EP_Receive
                0x0000000008003178       0x96 ./Drivers/STM32F4xx_HAL_Driver/Src/stm32f4xx_hal_pcd.o
                0x0000000008003178                HAL_PCD_EP_Receive
 .text.HAL_PCD_EP_GetRxCount
                0x000000000800320e       0x30 ./Drivers/STM32F4xx_HAL_Driver/Src/stm32f4xx_hal_pcd.o
                0x000000000800320e                HAL_PCD_EP_GetRxCount
 .text.HAL_PCD_EP_Transmit
                0x000000000800323e       0x94 ./Drivers/STM32F4xx_HAL_Driver/Src/stm32f4xx_hal_pcd.o
                0x000000000800323e                HAL_PCD_EP_Transmit
 .text.HAL_PCD_EP_SetStall
                0x00000000080032d2       0xc8 ./Drivers/STM32F4xx_HAL_Driver/Src/stm32f4xx_hal_pcd.o
                0x00000000080032d2                HAL_PCD_EP_SetStall
 .text.HAL_PCD_EP_ClrStall
                0x000000000800339a       0xac ./Drivers/STM32F4xx_HAL_Driver/Src/stm32f4xx_hal_pcd.o
                0x000000000800339a                HAL_PCD_EP_ClrStall
 .text.HAL_PCD_EP_Abort
                0x0000000008003446       0x62 ./Drivers/STM32F4xx_HAL_Driver/Src/stm32f4xx_hal_pcd.o
                0x0000000008003446                HAL_PCD_EP_Abort
 .text.PCD_WriteEmptyTxFifo
                0x00000000080034a8      0x11a ./Drivers/STM32F4xx_HAL_Driver/Src/stm32f4xx_hal_pcd.o
 *fill*         0x00000000080035c2        0x2 
 .text.PCD_EP_OutXfrComplete_int
                0x00000000080035c4      0x1d0 ./Drivers/STM32F4xx_HAL_Driver/Src/stm32f4xx_hal_pcd.o
 .text.PCD_EP_OutSetupPacket_int
                0x0000000008003794       0x8c ./Drivers/STM32F4xx_HAL_Driver/Src/stm32f4xx_hal_pcd.o
 .text.HAL_PCDEx_SetTxFiFo
                0x0000000008003820       0x8e ./Drivers/STM32F4xx_HAL_Driver/Src/stm32f4xx_hal_pcd_ex.o
                0x0000000008003820                HAL_PCDEx_SetTxFiFo
 .text.HAL_PCDEx_SetRxFiFo
                0x00000000080038ae       0x22 ./Drivers/STM32F4xx_HAL_Driver/Src/stm32f4xx_hal_pcd_ex.o
                0x00000000080038ae                HAL_PCDEx_SetRxFiFo
 .text.HAL_PCDEx_LPM_Callback
                0x00000000080038d0       0x18 ./Drivers/STM32F4xx_HAL_Driver/Src/stm32f4xx_hal_pcd_ex.o
                0x00000000080038d0                HAL_PCDEx_LPM_Callback
 .text.HAL_RCC_GetHCLKFreq
                0x00000000080038e8       0x18 ./Drivers/STM32F4xx_HAL_Driver/Src/stm32f4xx_hal_rcc.o
                0x00000000080038e8                HAL_RCC_GetHCLKFreq
 .text.LL_GPIO_SetPinMode
                0x0000000008003900       0x5e ./Drivers/STM32F4xx_HAL_Driver/Src/stm32f4xx_ll_gpio.o
 .text.LL_GPIO_SetPinOutputType
                0x000000000800395e       0x30 ./Drivers/STM32F4xx_HAL_Driver/Src/stm32f4xx_ll_gpio.o
 .text.LL_GPIO_SetPinSpeed
                0x000000000800398e       0x5e ./Drivers/STM32F4xx_HAL_Driver/Src/stm32f4xx_ll_gpio.o
 .text.LL_GPIO_SetPinPull
                0x00000000080039ec       0x5e ./Drivers/STM32F4xx_HAL_Driver/Src/stm32f4xx_ll_gpio.o
 .text.LL_GPIO_SetAFPin_0_7
                0x0000000008003a4a       0x5e ./Drivers/STM32F4xx_HAL_Driver/Src/stm32f4xx_ll_gpio.o
 .text.LL_GPIO_SetAFPin_8_15
                0x0000000008003aa8       0x62 ./Drivers/STM32F4xx_HAL_Driver/Src/stm32f4xx_ll_gpio.o
 .text.LL_GPIO_Init
                0x0000000008003b0a       0xe6 ./Drivers/STM32F4xx_HAL_Driver/Src/stm32f4xx_ll_gpio.o
                0x0000000008003b0a                LL_GPIO_Init
 .text.LL_RCC_GetSysClkSource
                0x0000000008003bf0       0x1c ./Drivers/STM32F4xx_HAL_Driver/Src/stm32f4xx_ll_rcc.o
 .text.LL_RCC_GetAHBPrescaler
                0x0000000008003c0c       0x1c ./Drivers/STM32F4xx_HAL_Driver/Src/stm32f4xx_ll_rcc.o
 .text.LL_RCC_GetAPB1Prescaler
                0x0000000008003c28       0x1c ./Drivers/STM32F4xx_HAL_Driver/Src/stm32f4xx_ll_rcc.o
 .text.LL_RCC_GetAPB2Prescaler
                0x0000000008003c44       0x1c ./Drivers/STM32F4xx_HAL_Driver/Src/stm32f4xx_ll_rcc.o
 .text.LL_RCC_PLL_GetMainSource
                0x0000000008003c60       0x1c ./Drivers/STM32F4xx_HAL_Driver/Src/stm32f4xx_ll_rcc.o
 .text.LL_RCC_PLL_GetN
                0x0000000008003c7c       0x1c ./Drivers/STM32F4xx_HAL_Driver/Src/stm32f4xx_ll_rcc.o
 .text.LL_RCC_PLL_GetP
                0x0000000008003c98       0x1c ./Drivers/STM32F4xx_HAL_Driver/Src/stm32f4xx_ll_rcc.o
 .text.LL_RCC_PLL_GetDivider
                0x0000000008003cb4       0x1c ./Drivers/STM32F4xx_HAL_Driver/Src/stm32f4xx_ll_rcc.o
 .text.LL_RCC_GetSystemClocksFreq
                0x0000000008003cd0       0x4a ./Drivers/STM32F4xx_HAL_Driver/Src/stm32f4xx_ll_rcc.o
                0x0000000008003cd0                LL_RCC_GetSystemClocksFreq
 *fill*         0x0000000008003d1a        0x2 
 .text.RCC_GetSystemClockFreq
                0x0000000008003d1c       0x4c ./Drivers/STM32F4xx_HAL_Driver/Src/stm32f4xx_ll_rcc.o
                0x0000000008003d1c                RCC_GetSystemClockFreq
 .text.RCC_GetHCLKClockFreq
                0x0000000008003d68       0x2c ./Drivers/STM32F4xx_HAL_Driver/Src/stm32f4xx_ll_rcc.o
                0x0000000008003d68                RCC_GetHCLKClockFreq
 .text.RCC_GetPCLK1ClockFreq
                0x0000000008003d94       0x28 ./Drivers/STM32F4xx_HAL_Driver/Src/stm32f4xx_ll_rcc.o
                0x0000000008003d94                RCC_GetPCLK1ClockFreq
 .text.RCC_GetPCLK2ClockFreq
                0x0000000008003dbc       0x28 ./Drivers/STM32F4xx_HAL_Driver/Src/stm32f4xx_ll_rcc.o
                0x0000000008003dbc                RCC_GetPCLK2ClockFreq
 .text.RCC_PLL_GetFreqDomain_SYS
                0x0000000008003de4       0x78 ./Drivers/STM32F4xx_HAL_Driver/Src/stm32f4xx_ll_rcc.o
                0x0000000008003de4                RCC_PLL_GetFreqDomain_SYS
 .text.LL_TIM_SetPrescaler
                0x0000000008003e5c       0x1c ./Drivers/STM32F4xx_HAL_Driver/Src/stm32f4xx_ll_tim.o
 .text.LL_TIM_SetAutoReload
                0x0000000008003e78       0x1c ./Drivers/STM32F4xx_HAL_Driver/Src/stm32f4xx_ll_tim.o
 .text.LL_TIM_SetRepetitionCounter
                0x0000000008003e94       0x1c ./Drivers/STM32F4xx_HAL_Driver/Src/stm32f4xx_ll_tim.o
 .text.LL_TIM_OC_SetCompareCH1
                0x0000000008003eb0       0x1c ./Drivers/STM32F4xx_HAL_Driver/Src/stm32f4xx_ll_tim.o
 .text.LL_TIM_OC_SetCompareCH2
                0x0000000008003ecc       0x1c ./Drivers/STM32F4xx_HAL_Driver/Src/stm32f4xx_ll_tim.o
 .text.LL_TIM_OC_SetCompareCH3
                0x0000000008003ee8       0x1c ./Drivers/STM32F4xx_HAL_Driver/Src/stm32f4xx_ll_tim.o
 .text.LL_TIM_OC_SetCompareCH4
                0x0000000008003f04       0x1c ./Drivers/STM32F4xx_HAL_Driver/Src/stm32f4xx_ll_tim.o
 .text.LL_TIM_GenerateEvent_UPDATE
                0x0000000008003f20       0x20 ./Drivers/STM32F4xx_HAL_Driver/Src/stm32f4xx_ll_tim.o
 .text.LL_TIM_Init
                0x0000000008003f40       0xf4 ./Drivers/STM32F4xx_HAL_Driver/Src/stm32f4xx_ll_tim.o
                0x0000000008003f40                LL_TIM_Init
 .text.LL_TIM_OC_Init
                0x0000000008004034       0x82 ./Drivers/STM32F4xx_HAL_Driver/Src/stm32f4xx_ll_tim.o
                0x0000000008004034                LL_TIM_OC_Init
 *fill*         0x00000000080040b6        0x2 
 .text.OC1Config
                0x00000000080040b8       0xcc ./Drivers/STM32F4xx_HAL_Driver/Src/stm32f4xx_ll_tim.o
 .text.OC2Config
                0x0000000008004184       0xd4 ./Drivers/STM32F4xx_HAL_Driver/Src/stm32f4xx_ll_tim.o
 .text.OC3Config
                0x0000000008004258       0xd4 ./Drivers/STM32F4xx_HAL_Driver/Src/stm32f4xx_ll_tim.o
 .text.OC4Config
                0x000000000800432c       0xa4 ./Drivers/STM32F4xx_HAL_Driver/Src/stm32f4xx_ll_tim.o
 .text.LL_USART_IsEnabled
                0x00000000080043d0       0x28 ./Drivers/STM32F4xx_HAL_Driver/Src/stm32f4xx_ll_usart.o
 .text.LL_USART_SetStopBitsLength
                0x00000000080043f8       0x26 ./Drivers/STM32F4xx_HAL_Driver/Src/stm32f4xx_ll_usart.o
 .text.LL_USART_SetHWFlowCtrl
                0x000000000800441e       0x26 ./Drivers/STM32F4xx_HAL_Driver/Src/stm32f4xx_ll_usart.o
 .text.LL_USART_SetBaudRate
                0x0000000008004444      0x458 ./Drivers/STM32F4xx_HAL_Driver/Src/stm32f4xx_ll_usart.o
 .text.LL_USART_Init
                0x000000000800489c       0xc8 ./Drivers/STM32F4xx_HAL_Driver/Src/stm32f4xx_ll_usart.o
                0x000000000800489c                LL_USART_Init
 .text.USB_CoreInit
                0x0000000008004964       0xc2 ./Drivers/STM32F4xx_HAL_Driver/Src/stm32f4xx_ll_usb.o
                0x0000000008004964                USB_CoreInit
 *fill*         0x0000000008004a26        0x2 
 .text.USB_SetTurnaroundTime
                0x0000000008004a28      0x144 ./Drivers/STM32F4xx_HAL_Driver/Src/stm32f4xx_ll_usb.o
                0x0000000008004a28                USB_SetTurnaroundTime
 .text.USB_EnableGlobalInt
                0x0000000008004b6c       0x22 ./Drivers/STM32F4xx_HAL_Driver/Src/stm32f4xx_ll_usb.o
                0x0000000008004b6c                USB_EnableGlobalInt
 .text.USB_DisableGlobalInt
                0x0000000008004b8e       0x22 ./Drivers/STM32F4xx_HAL_Driver/Src/stm32f4xx_ll_usb.o
                0x0000000008004b8e                USB_DisableGlobalInt
 .text.USB_SetCurrentMode
                0x0000000008004bb0       0x98 ./Drivers/STM32F4xx_HAL_Driver/Src/stm32f4xx_ll_usb.o
                0x0000000008004bb0                USB_SetCurrentMode
 .text.USB_DevInit
                0x0000000008004c48      0x2c8 ./Drivers/STM32F4xx_HAL_Driver/Src/stm32f4xx_ll_usb.o
                0x0000000008004c48                USB_DevInit
 .text.USB_FlushTxFifo
                0x0000000008004f10       0x68 ./Drivers/STM32F4xx_HAL_Driver/Src/stm32f4xx_ll_usb.o
                0x0000000008004f10                USB_FlushTxFifo
 .text.USB_FlushRxFifo
                0x0000000008004f78       0x60 ./Drivers/STM32F4xx_HAL_Driver/Src/stm32f4xx_ll_usb.o
                0x0000000008004f78                USB_FlushRxFifo
 .text.USB_SetDevSpeed
                0x0000000008004fd8       0x32 ./Drivers/STM32F4xx_HAL_Driver/Src/stm32f4xx_ll_usb.o
                0x0000000008004fd8                USB_SetDevSpeed
 .text.USB_GetDevSpeed
                0x000000000800500a       0x4a ./Drivers/STM32F4xx_HAL_Driver/Src/stm32f4xx_ll_usb.o
                0x000000000800500a                USB_GetDevSpeed
 .text.USB_ActivateEndpoint
                0x0000000008005054      0x10e ./Drivers/STM32F4xx_HAL_Driver/Src/stm32f4xx_ll_usb.o
                0x0000000008005054                USB_ActivateEndpoint
 *fill*         0x0000000008005162        0x2 
 .text.USB_DeactivateEndpoint
                0x0000000008005164      0x1b8 ./Drivers/STM32F4xx_HAL_Driver/Src/stm32f4xx_ll_usb.o
                0x0000000008005164                USB_DeactivateEndpoint
 .text.USB_EPStartXfer
                0x000000000800531c      0x490 ./Drivers/STM32F4xx_HAL_Driver/Src/stm32f4xx_ll_usb.o
                0x000000000800531c                USB_EPStartXfer
 .text.USB_EP0StartXfer
                0x00000000080057ac      0x2b0 ./Drivers/STM32F4xx_HAL_Driver/Src/stm32f4xx_ll_usb.o
                0x00000000080057ac                USB_EP0StartXfer
 .text.USB_EPStopXfer
                0x0000000008005a5c      0x154 ./Drivers/STM32F4xx_HAL_Driver/Src/stm32f4xx_ll_usb.o
                0x0000000008005a5c                USB_EPStopXfer
 .text.USB_WritePacket
                0x0000000008005bb0       0x7c ./Drivers/STM32F4xx_HAL_Driver/Src/stm32f4xx_ll_usb.o
                0x0000000008005bb0                USB_WritePacket
 .text.USB_ReadPacket
                0x0000000008005c2c       0xb0 ./Drivers/STM32F4xx_HAL_Driver/Src/stm32f4xx_ll_usb.o
                0x0000000008005c2c                USB_ReadPacket
 .text.USB_EPSetStall
                0x0000000008005cdc       0xdc ./Drivers/STM32F4xx_HAL_Driver/Src/stm32f4xx_ll_usb.o
                0x0000000008005cdc                USB_EPSetStall
 .text.USB_EPClearStall
                0x0000000008005db8       0xcc ./Drivers/STM32F4xx_HAL_Driver/Src/stm32f4xx_ll_usb.o
                0x0000000008005db8                USB_EPClearStall
 .text.USB_SetDevAddress
                0x0000000008005e84       0x4c ./Drivers/STM32F4xx_HAL_Driver/Src/stm32f4xx_ll_usb.o
                0x0000000008005e84                USB_SetDevAddress
 .text.USB_DevConnect
                0x0000000008005ed0       0x42 ./Drivers/STM32F4xx_HAL_Driver/Src/stm32f4xx_ll_usb.o
                0x0000000008005ed0                USB_DevConnect
 .text.USB_DevDisconnect
                0x0000000008005f12       0x42 ./Drivers/STM32F4xx_HAL_Driver/Src/stm32f4xx_ll_usb.o
                0x0000000008005f12                USB_DevDisconnect
 .text.USB_ReadInterrupts
                0x0000000008005f54       0x26 ./Drivers/STM32F4xx_HAL_Driver/Src/stm32f4xx_ll_usb.o
                0x0000000008005f54                USB_ReadInterrupts
 .text.USB_ReadDevAllOutEpInterrupt
                0x0000000008005f7a       0x34 ./Drivers/STM32F4xx_HAL_Driver/Src/stm32f4xx_ll_usb.o
                0x0000000008005f7a                USB_ReadDevAllOutEpInterrupt
 .text.USB_ReadDevAllInEpInterrupt
                0x0000000008005fae       0x34 ./Drivers/STM32F4xx_HAL_Driver/Src/stm32f4xx_ll_usb.o
                0x0000000008005fae                USB_ReadDevAllInEpInterrupt
 .text.USB_ReadDevOutEPInterrupt
                0x0000000008005fe2       0x3c ./Drivers/STM32F4xx_HAL_Driver/Src/stm32f4xx_ll_usb.o
                0x0000000008005fe2                USB_ReadDevOutEPInterrupt
 .text.USB_ReadDevInEPInterrupt
                0x000000000800601e       0x5c ./Drivers/STM32F4xx_HAL_Driver/Src/stm32f4xx_ll_usb.o
                0x000000000800601e                USB_ReadDevInEPInterrupt
 .text.USB_GetMode
                0x000000000800607a       0x1c ./Drivers/STM32F4xx_HAL_Driver/Src/stm32f4xx_ll_usb.o
                0x000000000800607a                USB_GetMode
 .text.USB_ActivateSetup
                0x0000000008006096       0x46 ./Drivers/STM32F4xx_HAL_Driver/Src/stm32f4xx_ll_usb.o
                0x0000000008006096                USB_ActivateSetup
 .text.USB_EP0_OutStart
                0x00000000080060dc       0xbc ./Drivers/STM32F4xx_HAL_Driver/Src/stm32f4xx_ll_usb.o
                0x00000000080060dc                USB_EP0_OutStart
 .text.USB_CoreReset
                0x0000000008006198       0x68 ./Drivers/STM32F4xx_HAL_Driver/Src/stm32f4xx_ll_usb.o
 .text.LL_mDelay
                0x0000000008006200       0x4c ./Drivers/STM32F4xx_HAL_Driver/Src/stm32f4xx_ll_utils.o
                0x0000000008006200                LL_mDelay
 .text.LL_SetSystemCoreClock
                0x000000000800624c       0x20 ./Drivers/STM32F4xx_HAL_Driver/Src/stm32f4xx_ll_utils.o
                0x000000000800624c                LL_SetSystemCoreClock
 .text.USBD_CDC_Init
                0x000000000800626c      0x1f0 ./Middlewares/ST/STM32_USB_Device_Library/Class/CDC/Src/usbd_cdc.o
 .text.USBD_CDC_DeInit
                0x000000000800645c      0x104 ./Middlewares/ST/STM32_USB_Device_Library/Class/CDC/Src/usbd_cdc.o
 .text.USBD_CDC_Setup
                0x0000000008006560      0x1b8 ./Middlewares/ST/STM32_USB_Device_Library/Class/CDC/Src/usbd_cdc.o
 .text.USBD_CDC_DataIn
                0x0000000008006718       0xfe ./Middlewares/ST/STM32_USB_Device_Library/Class/CDC/Src/usbd_cdc.o
 .text.USBD_CDC_DataOut
                0x0000000008006816       0x70 ./Middlewares/ST/STM32_USB_Device_Library/Class/CDC/Src/usbd_cdc.o
 .text.USBD_CDC_EP0_RxReady
                0x0000000008006886       0x76 ./Middlewares/ST/STM32_USB_Device_Library/Class/CDC/Src/usbd_cdc.o
 .text.USBD_CDC_GetFSCfgDesc
                0x00000000080068fc       0x70 ./Middlewares/ST/STM32_USB_Device_Library/Class/CDC/Src/usbd_cdc.o
 .text.USBD_CDC_GetHSCfgDesc
                0x000000000800696c       0x70 ./Middlewares/ST/STM32_USB_Device_Library/Class/CDC/Src/usbd_cdc.o
 .text.USBD_CDC_GetOtherSpeedCfgDesc
                0x00000000080069dc       0x70 ./Middlewares/ST/STM32_USB_Device_Library/Class/CDC/Src/usbd_cdc.o
 .text.USBD_CDC_GetDeviceQualifierDescriptor
                0x0000000008006a4c       0x20 ./Middlewares/ST/STM32_USB_Device_Library/Class/CDC/Src/usbd_cdc.o
                0x0000000008006a4c                USBD_CDC_GetDeviceQualifierDescriptor
 .text.USBD_CDC_RegisterInterface
                0x0000000008006a6c       0x34 ./Middlewares/ST/STM32_USB_Device_Library/Class/CDC/Src/usbd_cdc.o
                0x0000000008006a6c                USBD_CDC_RegisterInterface
 .text.USBD_CDC_SetTxBuffer
                0x0000000008006aa0       0x44 ./Middlewares/ST/STM32_USB_Device_Library/Class/CDC/Src/usbd_cdc.o
                0x0000000008006aa0                USBD_CDC_SetTxBuffer
 .text.USBD_CDC_SetRxBuffer
                0x0000000008006ae4       0x3a ./Middlewares/ST/STM32_USB_Device_Library/Class/CDC/Src/usbd_cdc.o
                0x0000000008006ae4                USBD_CDC_SetRxBuffer
 *fill*         0x0000000008006b1e        0x2 
 .text.USBD_CDC_TransmitPacket
                0x0000000008006b20       0x8c ./Middlewares/ST/STM32_USB_Device_Library/Class/CDC/Src/usbd_cdc.o
                0x0000000008006b20                USBD_CDC_TransmitPacket
 .text.USBD_CDC_ReceivePacket
                0x0000000008006bac       0x6c ./Middlewares/ST/STM32_USB_Device_Library/Class/CDC/Src/usbd_cdc.o
                0x0000000008006bac                USBD_CDC_ReceivePacket
 .text.USBD_Init
                0x0000000008006c18       0x60 ./Middlewares/ST/STM32_USB_Device_Library/Core/Src/usbd_core.o
                0x0000000008006c18                USBD_Init
 .text.USBD_RegisterClass
                0x0000000008006c78       0x6c ./Middlewares/ST/STM32_USB_Device_Library/Core/Src/usbd_core.o
                0x0000000008006c78                USBD_RegisterClass
 .text.USBD_Start
                0x0000000008006ce4       0x18 ./Middlewares/ST/STM32_USB_Device_Library/Core/Src/usbd_core.o
                0x0000000008006ce4                USBD_Start
 .text.USBD_RunTestMode
                0x0000000008006cfc       0x16 ./Middlewares/ST/STM32_USB_Device_Library/Core/Src/usbd_core.o
                0x0000000008006cfc                USBD_RunTestMode
 .text.USBD_SetClassConfig
                0x0000000008006d12       0x38 ./Middlewares/ST/STM32_USB_Device_Library/Core/Src/usbd_core.o
                0x0000000008006d12                USBD_SetClassConfig
 .text.USBD_ClrClassConfig
                0x0000000008006d4a       0x34 ./Middlewares/ST/STM32_USB_Device_Library/Core/Src/usbd_core.o
                0x0000000008006d4a                USBD_ClrClassConfig
 .text.USBD_LL_SetupStage
                0x0000000008006d7e       0xaa ./Middlewares/ST/STM32_USB_Device_Library/Core/Src/usbd_core.o
                0x0000000008006d7e                USBD_LL_SetupStage
 .text.USBD_LL_DataOutStage
                0x0000000008006e28      0x166 ./Middlewares/ST/STM32_USB_Device_Library/Core/Src/usbd_core.o
                0x0000000008006e28                USBD_LL_DataOutStage
 .text.USBD_LL_DataInStage
                0x0000000008006f8e      0x164 ./Middlewares/ST/STM32_USB_Device_Library/Core/Src/usbd_core.o
                0x0000000008006f8e                USBD_LL_DataInStage
 .text.USBD_LL_Reset
                0x00000000080070f2       0xa4 ./Middlewares/ST/STM32_USB_Device_Library/Core/Src/usbd_core.o
                0x00000000080070f2                USBD_LL_Reset
 .text.USBD_LL_SetSpeed
                0x0000000008007196       0x20 ./Middlewares/ST/STM32_USB_Device_Library/Core/Src/usbd_core.o
                0x0000000008007196                USBD_LL_SetSpeed
 .text.USBD_LL_Suspend
                0x00000000080071b6       0x2c ./Middlewares/ST/STM32_USB_Device_Library/Core/Src/usbd_core.o
                0x00000000080071b6                USBD_LL_Suspend
 .text.USBD_LL_Resume
                0x00000000080071e2       0x30 ./Middlewares/ST/STM32_USB_Device_Library/Core/Src/usbd_core.o
                0x00000000080071e2                USBD_LL_Resume
 .text.USBD_LL_SOF
                0x0000000008007212       0x40 ./Middlewares/ST/STM32_USB_Device_Library/Core/Src/usbd_core.o
                0x0000000008007212                USBD_LL_SOF
 .text.USBD_LL_IsoINIncomplete
                0x0000000008007252       0x64 ./Middlewares/ST/STM32_USB_Device_Library/Core/Src/usbd_core.o
                0x0000000008007252                USBD_LL_IsoINIncomplete
 .text.USBD_LL_IsoOUTIncomplete
                0x00000000080072b6       0x64 ./Middlewares/ST/STM32_USB_Device_Library/Core/Src/usbd_core.o
                0x00000000080072b6                USBD_LL_IsoOUTIncomplete
 .text.USBD_LL_DevConnected
                0x000000000800731a       0x16 ./Middlewares/ST/STM32_USB_Device_Library/Core/Src/usbd_core.o
                0x000000000800731a                USBD_LL_DevConnected
 .text.USBD_LL_DevDisconnected
                0x0000000008007330       0x46 ./Middlewares/ST/STM32_USB_Device_Library/Core/Src/usbd_core.o
                0x0000000008007330                USBD_LL_DevDisconnected
 .text.USBD_CoreFindIF
                0x0000000008007376       0x1a ./Middlewares/ST/STM32_USB_Device_Library/Core/Src/usbd_core.o
                0x0000000008007376                USBD_CoreFindIF
 .text.USBD_CoreFindEP
                0x0000000008007390       0x1a ./Middlewares/ST/STM32_USB_Device_Library/Core/Src/usbd_core.o
                0x0000000008007390                USBD_CoreFindEP
 .text.USBD_GetEpDesc
                0x00000000080073aa       0x74 ./Middlewares/ST/STM32_USB_Device_Library/Core/Src/usbd_core.o
                0x00000000080073aa                USBD_GetEpDesc
 .text.USBD_GetNextDesc
                0x000000000800741e       0x3a ./Middlewares/ST/STM32_USB_Device_Library/Core/Src/usbd_core.o
                0x000000000800741e                USBD_GetNextDesc
 .text.SWAPBYTE
                0x0000000008007458       0x3c ./Middlewares/ST/STM32_USB_Device_Library/Core/Src/usbd_ctlreq.o
 .text.USBD_StdDevReq
                0x0000000008007494       0xe4 ./Middlewares/ST/STM32_USB_Device_Library/Core/Src/usbd_ctlreq.o
                0x0000000008007494                USBD_StdDevReq
 .text.USBD_StdItfReq
                0x0000000008007578       0xd8 ./Middlewares/ST/STM32_USB_Device_Library/Core/Src/usbd_ctlreq.o
                0x0000000008007578                USBD_StdItfReq
 .text.USBD_StdEPReq
                0x0000000008007650      0x33a ./Middlewares/ST/STM32_USB_Device_Library/Core/Src/usbd_ctlreq.o
                0x0000000008007650                USBD_StdEPReq
 *fill*         0x000000000800798a        0x2 
 .text.USBD_GetDescriptor
                0x000000000800798c      0x2d4 ./Middlewares/ST/STM32_USB_Device_Library/Core/Src/usbd_ctlreq.o
 .text.USBD_SetAddress
                0x0000000008007c60       0x88 ./Middlewares/ST/STM32_USB_Device_Library/Core/Src/usbd_ctlreq.o
 .text.USBD_SetConfig
                0x0000000008007ce8      0x154 ./Middlewares/ST/STM32_USB_Device_Library/Core/Src/usbd_ctlreq.o
 .text.USBD_GetConfig
                0x0000000008007e3c       0x6c ./Middlewares/ST/STM32_USB_Device_Library/Core/Src/usbd_ctlreq.o
 .text.USBD_GetStatus
                0x0000000008007ea8       0x68 ./Middlewares/ST/STM32_USB_Device_Library/Core/Src/usbd_ctlreq.o
 .text.USBD_SetFeature
                0x0000000008007f10       0x52 ./Middlewares/ST/STM32_USB_Device_Library/Core/Src/usbd_ctlreq.o
 .text.USBD_ClrFeature
                0x0000000008007f62       0x44 ./Middlewares/ST/STM32_USB_Device_Library/Core/Src/usbd_ctlreq.o
 .text.USBD_ParseSetupRequest
                0x0000000008007fa6       0x74 ./Middlewares/ST/STM32_USB_Device_Library/Core/Src/usbd_ctlreq.o
                0x0000000008007fa6                USBD_ParseSetupRequest
 .text.USBD_CtlError
                0x000000000800801a       0x22 ./Middlewares/ST/STM32_USB_Device_Library/Core/Src/usbd_ctlreq.o
                0x000000000800801a                USBD_CtlError
 .text.USBD_GetString
                0x000000000800803c       0x8c ./Middlewares/ST/STM32_USB_Device_Library/Core/Src/usbd_ctlreq.o
                0x000000000800803c                USBD_GetString
 .text.USBD_GetLen
                0x00000000080080c8       0x34 ./Middlewares/ST/STM32_USB_Device_Library/Core/Src/usbd_ctlreq.o
 .text.USBD_CtlSendData
                0x00000000080080fc       0x36 ./Middlewares/ST/STM32_USB_Device_Library/Core/Src/usbd_ioreq.o
                0x00000000080080fc                USBD_CtlSendData
 .text.USBD_CtlContinueSendData
                0x0000000008008132       0x22 ./Middlewares/ST/STM32_USB_Device_Library/Core/Src/usbd_ioreq.o
                0x0000000008008132                USBD_CtlContinueSendData
 .text.USBD_CtlPrepareRx
                0x0000000008008154       0x3a ./Middlewares/ST/STM32_USB_Device_Library/Core/Src/usbd_ioreq.o
                0x0000000008008154                USBD_CtlPrepareRx
 .text.USBD_CtlContinueRx
                0x000000000800818e       0x22 ./Middlewares/ST/STM32_USB_Device_Library/Core/Src/usbd_ioreq.o
                0x000000000800818e                USBD_CtlContinueRx
 .text.USBD_CtlSendStatus
                0x00000000080081b0       0x26 ./Middlewares/ST/STM32_USB_Device_Library/Core/Src/usbd_ioreq.o
                0x00000000080081b0                USBD_CtlSendStatus
 .text.USBD_CtlReceiveStatus
                0x00000000080081d6       0x26 ./Middlewares/ST/STM32_USB_Device_Library/Core/Src/usbd_ioreq.o
                0x00000000080081d6                USBD_CtlReceiveStatus
 .text.MX_USB_DEVICE_Init
                0x00000000080081fc       0x60 ./USB_DEVICE/App/usb_device.o
                0x00000000080081fc                MX_USB_DEVICE_Init
 .text.CDC_Init_FS
                0x000000000800825c       0x28 ./USB_DEVICE/App/usbd_cdc_if.o
 .text.CDC_DeInit_FS
                0x0000000008008284       0x10 ./USB_DEVICE/App/usbd_cdc_if.o
 .text.CDC_Control_FS
                0x0000000008008294       0xbc ./USB_DEVICE/App/usbd_cdc_if.o
 .text.CDC_Receive_FS
                0x0000000008008350       0x3c ./USB_DEVICE/App/usbd_cdc_if.o
 .text.CDC_Transmit_FS
                0x000000000800838c       0x4c ./USB_DEVICE/App/usbd_cdc_if.o
                0x000000000800838c                CDC_Transmit_FS
 .text.CDC_TransmitCplt_FS
                0x00000000080083d8       0x22 ./USB_DEVICE/App/usbd_cdc_if.o
 *fill*         0x00000000080083fa        0x2 
 .text.USBD_FS_DeviceDescriptor
                0x00000000080083fc       0x24 ./USB_DEVICE/App/usbd_desc.o
                0x00000000080083fc                USBD_FS_DeviceDescriptor
 .text.USBD_FS_LangIDStrDescriptor
                0x0000000008008420       0x24 ./USB_DEVICE/App/usbd_desc.o
                0x0000000008008420                USBD_FS_LangIDStrDescriptor
 .text.USBD_FS_ProductStrDescriptor
                0x0000000008008444       0x3c ./USB_DEVICE/App/usbd_desc.o
                0x0000000008008444                USBD_FS_ProductStrDescriptor
 .text.USBD_FS_ManufacturerStrDescriptor
                0x0000000008008480       0x28 ./USB_DEVICE/App/usbd_desc.o
                0x0000000008008480                USBD_FS_ManufacturerStrDescriptor
 .text.USBD_FS_SerialStrDescriptor
                0x00000000080084a8       0x24 ./USB_DEVICE/App/usbd_desc.o
                0x00000000080084a8                USBD_FS_SerialStrDescriptor
 .text.USBD_FS_ConfigStrDescriptor
                0x00000000080084cc       0x3c ./USB_DEVICE/App/usbd_desc.o
                0x00000000080084cc                USBD_FS_ConfigStrDescriptor
 .text.USBD_FS_InterfaceStrDescriptor
                0x0000000008008508       0x3c ./USB_DEVICE/App/usbd_desc.o
                0x0000000008008508                USBD_FS_InterfaceStrDescriptor
 .text.Get_SerialNum
                0x0000000008008544       0x58 ./USB_DEVICE/App/usbd_desc.o
 .text.IntToUnicode
                0x000000000800859c       0x7e ./USB_DEVICE/App/usbd_desc.o
 *fill*         0x000000000800861a        0x2 
 .text.HAL_PCD_MspInit
                0x000000000800861c       0xa8 ./USB_DEVICE/Target/usbd_conf.o
                0x000000000800861c                HAL_PCD_MspInit
 .text.HAL_PCD_SetupStageCallback
                0x00000000080086c4       0x24 ./USB_DEVICE/Target/usbd_conf.o
                0x00000000080086c4                HAL_PCD_SetupStageCallback
 .text.HAL_PCD_DataOutStageCallback
                0x00000000080086e8       0x36 ./USB_DEVICE/Target/usbd_conf.o
                0x00000000080086e8                HAL_PCD_DataOutStageCallback
 .text.HAL_PCD_DataInStageCallback
                0x000000000800871e       0x34 ./USB_DEVICE/Target/usbd_conf.o
                0x000000000800871e                HAL_PCD_DataInStageCallback
 .text.HAL_PCD_SOFCallback
                0x0000000008008752       0x1c ./USB_DEVICE/Target/usbd_conf.o
                0x0000000008008752                HAL_PCD_SOFCallback
 .text.HAL_PCD_ResetCallback
                0x000000000800876e       0x50 ./USB_DEVICE/Target/usbd_conf.o
                0x000000000800876e                HAL_PCD_ResetCallback
 *fill*         0x00000000080087be        0x2 
 .text.HAL_PCD_SuspendCallback
                0x00000000080087c0       0x4c ./USB_DEVICE/Target/usbd_conf.o
                0x00000000080087c0                HAL_PCD_SuspendCallback
 .text.HAL_PCD_ResumeCallback
                0x000000000800880c       0x1c ./USB_DEVICE/Target/usbd_conf.o
                0x000000000800880c                HAL_PCD_ResumeCallback
 .text.HAL_PCD_ISOOUTIncompleteCallback
                0x0000000008008828       0x24 ./USB_DEVICE/Target/usbd_conf.o
                0x0000000008008828                HAL_PCD_ISOOUTIncompleteCallback
 .text.HAL_PCD_ISOINIncompleteCallback
                0x000000000800884c       0x24 ./USB_DEVICE/Target/usbd_conf.o
                0x000000000800884c                HAL_PCD_ISOINIncompleteCallback
 .text.HAL_PCD_ConnectCallback
                0x0000000008008870       0x1c ./USB_DEVICE/Target/usbd_conf.o
                0x0000000008008870                HAL_PCD_ConnectCallback
 .text.HAL_PCD_DisconnectCallback
                0x000000000800888c       0x1c ./USB_DEVICE/Target/usbd_conf.o
                0x000000000800888c                HAL_PCD_DisconnectCallback
 .text.USBD_LL_Init
                0x00000000080088a8       0x98 ./USB_DEVICE/Target/usbd_conf.o
                0x00000000080088a8                USBD_LL_Init
 .text.USBD_LL_Start
                0x0000000008008940       0x36 ./USB_DEVICE/Target/usbd_conf.o
                0x0000000008008940                USBD_LL_Start
 .text.USBD_LL_OpenEP
                0x0000000008008976       0x4c ./USB_DEVICE/Target/usbd_conf.o
                0x0000000008008976                USBD_LL_OpenEP
 .text.USBD_LL_CloseEP
                0x00000000080089c2       0x3e ./USB_DEVICE/Target/usbd_conf.o
                0x00000000080089c2                USBD_LL_CloseEP
 .text.USBD_LL_StallEP
                0x0000000008008a00       0x3e ./USB_DEVICE/Target/usbd_conf.o
                0x0000000008008a00                USBD_LL_StallEP
 .text.USBD_LL_ClearStallEP
                0x0000000008008a3e       0x3e ./USB_DEVICE/Target/usbd_conf.o
                0x0000000008008a3e                USBD_LL_ClearStallEP
 .text.USBD_LL_IsStallEP
                0x0000000008008a7c       0x58 ./USB_DEVICE/Target/usbd_conf.o
                0x0000000008008a7c                USBD_LL_IsStallEP
 .text.USBD_LL_SetUSBAddress
                0x0000000008008ad4       0x3e ./USB_DEVICE/Target/usbd_conf.o
                0x0000000008008ad4                USBD_LL_SetUSBAddress
 .text.USBD_LL_Transmit
                0x0000000008008b12       0x42 ./USB_DEVICE/Target/usbd_conf.o
                0x0000000008008b12                USBD_LL_Transmit
 .text.USBD_LL_PrepareReceive
                0x0000000008008b54       0x42 ./USB_DEVICE/Target/usbd_conf.o
                0x0000000008008b54                USBD_LL_PrepareReceive
 .text.USBD_LL_GetRxDataSize
                0x0000000008008b96       0x26 ./USB_DEVICE/Target/usbd_conf.o
                0x0000000008008b96                USBD_LL_GetRxDataSize
 .text.USBD_static_malloc
                0x0000000008008bbc       0x1c ./USB_DEVICE/Target/usbd_conf.o
                0x0000000008008bbc                USBD_static_malloc
 .text.USBD_static_free
                0x0000000008008bd8       0x14 ./USB_DEVICE/Target/usbd_conf.o
                0x0000000008008bd8                USBD_static_free
 .text.USBD_Get_USB_Status
                0x0000000008008bec       0x58 ./USB_DEVICE/Target/usbd_conf.o
                0x0000000008008bec                USBD_Get_USB_Status
 .text.__libc_init_array
                0x0000000008008c44       0x48 c:/st/stm32cubeide_1.10.1/stm32cubeide/plugins/com.st.stm32cube.ide.mcu.externaltools.gnu-tools-for-stm32.10.3-2021.10.win32_1.0.0.202111181127/tools/bin/../lib/gcc/arm-none-eabi/10.3.1/../../../../arm-none-eabi/lib/thumb/v7e-m+fp/hard\libc_nano.a(lib_a-init.o)
                0x0000000008008c44                __libc_init_array
 .text.memcpy   0x0000000008008c8c       0x1c c:/st/stm32cubeide_1.10.1/stm32cubeide/plugins/com.st.stm32cube.ide.mcu.externaltools.gnu-tools-for-stm32.10.3-2021.10.win32_1.0.0.202111181127/tools/bin/../lib/gcc/arm-none-eabi/10.3.1/../../../../arm-none-eabi/lib/thumb/v7e-m+fp/hard\libc_nano.a(lib_a-memcpy-stub.o)
                0x0000000008008c8c                memcpy
 .text.memset   0x0000000008008ca8       0x10 c:/st/stm32cubeide_1.10.1/stm32cubeide/plugins/com.st.stm32cube.ide.mcu.externaltools.gnu-tools-for-stm32.10.3-2021.10.win32_1.0.0.202111181127/tools/bin/../lib/gcc/arm-none-eabi/10.3.1/../../../../arm-none-eabi/lib/thumb/v7e-m+fp/hard\libc_nano.a(lib_a-memset.o)
                0x0000000008008ca8                memset
 .text.roundf   0x0000000008008cb8       0x48 c:/st/stm32cubeide_1.10.1/stm32cubeide/plugins/com.st.stm32cube.ide.mcu.externaltools.gnu-tools-for-stm32.10.3-2021.10.win32_1.0.0.202111181127/tools/bin/../lib/gcc/arm-none-eabi/10.3.1/../../../../arm-none-eabi/lib/thumb/v7e-m+fp/hard\libm.a(lib_a-sf_round.o)
                0x0000000008008cb8                roundf
 *(.glue_7)
 .glue_7        0x0000000008008d00        0x0 linker stubs
 *(.glue_7t)
 .glue_7t       0x0000000008008d00        0x0 linker stubs
 *(.eh_frame)
 .eh_frame      0x0000000008008d00        0x0 c:/st/stm32cubeide_1.10.1/stm32cubeide/plugins/com.st.stm32cube.ide.mcu.externaltools.gnu-tools-for-stm32.10.3-2021.10.win32_1.0.0.202111181127/tools/bin/../lib/gcc/arm-none-eabi/10.3.1/thumb/v7e-m+fp/hard/crtbegin.o
 *(.init)
 .init          0x0000000008008d00        0x4 c:/st/stm32cubeide_1.10.1/stm32cubeide/plugins/com.st.stm32cube.ide.mcu.externaltools.gnu-tools-for-stm32.10.3-2021.10.win32_1.0.0.202111181127/tools/bin/../lib/gcc/arm-none-eabi/10.3.1/thumb/v7e-m+fp/hard/crti.o
                0x0000000008008d00                _init
 .init          0x0000000008008d04        0x8 c:/st/stm32cubeide_1.10.1/stm32cubeide/plugins/com.st.stm32cube.ide.mcu.externaltools.gnu-tools-for-stm32.10.3-2021.10.win32_1.0.0.202111181127/tools/bin/../lib/gcc/arm-none-eabi/10.3.1/thumb/v7e-m+fp/hard/crtn.o
 *(.fini)
 .fini          0x0000000008008d0c        0x4 c:/st/stm32cubeide_1.10.1/stm32cubeide/plugins/com.st.stm32cube.ide.mcu.externaltools.gnu-tools-for-stm32.10.3-2021.10.win32_1.0.0.202111181127/tools/bin/../lib/gcc/arm-none-eabi/10.3.1/thumb/v7e-m+fp/hard/crti.o
                0x0000000008008d0c                _fini
 .fini          0x0000000008008d10        0x8 c:/st/stm32cubeide_1.10.1/stm32cubeide/plugins/com.st.stm32cube.ide.mcu.externaltools.gnu-tools-for-stm32.10.3-2021.10.win32_1.0.0.202111181127/tools/bin/../lib/gcc/arm-none-eabi/10.3.1/thumb/v7e-m+fp/hard/crtn.o
                0x0000000008008d18                . = ALIGN (0x4)
                0x0000000008008d18                _etext = .

.vfp11_veneer   0x0000000008008d18        0x0
 .vfp11_veneer  0x0000000008008d18        0x0 linker stubs

.v4_bx          0x0000000008008d18        0x0
 .v4_bx         0x0000000008008d18        0x0 linker stubs

.iplt           0x0000000008008d18        0x0
 .iplt          0x0000000008008d18        0x0 c:/st/stm32cubeide_1.10.1/stm32cubeide/plugins/com.st.stm32cube.ide.mcu.externaltools.gnu-tools-for-stm32.10.3-2021.10.win32_1.0.0.202111181127/tools/bin/../lib/gcc/arm-none-eabi/10.3.1/thumb/v7e-m+fp/hard/crtbegin.o

.rodata         0x0000000008008d18       0x64
                0x0000000008008d18                . = ALIGN (0x4)
 *(.rodata)
 .rodata        0x0000000008008d18       0x2a ./USB_DEVICE/App/usbd_desc.o
 *(.rodata*)
 *fill*         0x0000000008008d42        0x2 
 .rodata.AHBPrescTable
                0x0000000008008d44       0x10 ./Core/Src/system_stm32f4xx.o
                0x0000000008008d44                AHBPrescTable
 .rodata.APBPrescTable
                0x0000000008008d54        0x8 ./Core/Src/system_stm32f4xx.o
                0x0000000008008d54                APBPrescTable
 .rodata.OFFSET_TAB_CCMRx
                0x0000000008008d5c        0x7 ./Core/Src/tim.o
 *fill*         0x0000000008008d63        0x1 
 .rodata.SHIFT_TAB_OCxx
                0x0000000008008d64        0x7 ./Core/Src/tim.o
 *fill*         0x0000000008008d6b        0x1 
 .rodata.SHIFT_TAB_ICxx
                0x0000000008008d6c        0x7 ./Core/Src/tim.o
 *fill*         0x0000000008008d73        0x1 
 .rodata.SHIFT_TAB_CCxP
                0x0000000008008d74        0x7 ./Core/Src/tim.o
                0x0000000008008d7c                . = ALIGN (0x4)
 *fill*         0x0000000008008d7b        0x1 

.ARM.extab      0x0000000008008d7c        0x0
                0x0000000008008d7c                . = ALIGN (0x4)
 *(.ARM.extab* .gnu.linkonce.armextab.*)
                0x0000000008008d7c                . = ALIGN (0x4)

.ARM            0x0000000008008d7c        0x8
                0x0000000008008d7c                . = ALIGN (0x4)
                0x0000000008008d7c                __exidx_start = .
 *(.ARM.exidx*)
 .ARM.exidx     0x0000000008008d7c        0x8 c:/st/stm32cubeide_1.10.1/stm32cubeide/plugins/com.st.stm32cube.ide.mcu.externaltools.gnu-tools-for-stm32.10.3-2021.10.win32_1.0.0.202111181127/tools/bin/../lib/gcc/arm-none-eabi/10.3.1/thumb/v7e-m+fp/hard\libgcc.a(_udivmoddi4.o)
                0x0000000008008d84                __exidx_end = .
                0x0000000008008d84                . = ALIGN (0x4)

.rel.dyn        0x0000000008008d84        0x0
 .rel.iplt      0x0000000008008d84        0x0 c:/st/stm32cubeide_1.10.1/stm32cubeide/plugins/com.st.stm32cube.ide.mcu.externaltools.gnu-tools-for-stm32.10.3-2021.10.win32_1.0.0.202111181127/tools/bin/../lib/gcc/arm-none-eabi/10.3.1/thumb/v7e-m+fp/hard/crtbegin.o

.preinit_array  0x0000000008008d84        0x0
                0x0000000008008d84                . = ALIGN (0x4)
                0x0000000008008d84                PROVIDE (__preinit_array_start = .)
 *(.preinit_array*)
                0x0000000008008d84                PROVIDE (__preinit_array_end = .)
                0x0000000008008d84                . = ALIGN (0x4)

.init_array     0x0000000008008d84        0x4
                0x0000000008008d84                . = ALIGN (0x4)
                0x0000000008008d84                PROVIDE (__init_array_start = .)
 *(SORT_BY_NAME(.init_array.*))
 *(.init_array*)
 .init_array    0x0000000008008d84        0x4 c:/st/stm32cubeide_1.10.1/stm32cubeide/plugins/com.st.stm32cube.ide.mcu.externaltools.gnu-tools-for-stm32.10.3-2021.10.win32_1.0.0.202111181127/tools/bin/../lib/gcc/arm-none-eabi/10.3.1/thumb/v7e-m+fp/hard/crtbegin.o
                0x0000000008008d88                PROVIDE (__init_array_end = .)
                0x0000000008008d88                . = ALIGN (0x4)

.fini_array     0x0000000008008d88        0x4
                0x0000000008008d88                . = ALIGN (0x4)
                [!provide]                        PROVIDE (__fini_array_start = .)
 *(SORT_BY_NAME(.fini_array.*))
 *(.fini_array*)
 .fini_array    0x0000000008008d88        0x4 c:/st/stm32cubeide_1.10.1/stm32cubeide/plugins/com.st.stm32cube.ide.mcu.externaltools.gnu-tools-for-stm32.10.3-2021.10.win32_1.0.0.202111181127/tools/bin/../lib/gcc/arm-none-eabi/10.3.1/thumb/v7e-m+fp/hard/crtbegin.o
                [!provide]                        PROVIDE (__fini_array_end = .)
                0x0000000008008d8c                . = ALIGN (0x4)
                0x0000000008008d8c                _sidata = LOADADDR (.data)

.data           0x0000000020000000      0x100 load address 0x0000000008008d8c
                0x0000000020000000                . = ALIGN (0x4)
                0x0000000020000000                _sdata = .
 *(.data)
 *(.data*)
 .data.gripper_position
                0x0000000020000000        0x2 ./Core/Src/globals.o
                0x0000000020000000                gripper_position
 .data.command_to_read_force
                0x0000000020000002        0x1 ./Core/Src/globals.o
                0x0000000020000002                command_to_read_force
 *fill*         0x0000000020000003        0x1 
 .data.SystemCoreClock
                0x0000000020000004        0x4 ./Core/Src/system_stm32f4xx.o
                0x0000000020000004                SystemCoreClock
 .data.uwTickPrio
                0x0000000020000008        0x4 ./Drivers/STM32F4xx_HAL_Driver/Src/stm32f4xx_hal.o
                0x0000000020000008                uwTickPrio
 .data.uwTickFreq
                0x000000002000000c        0x1 ./Drivers/STM32F4xx_HAL_Driver/Src/stm32f4xx_hal.o
                0x000000002000000c                uwTickFreq
 *fill*         0x000000002000000d        0x3 
 .data.USBD_CDC_DeviceQualifierDesc
                0x0000000020000010        0xa ./Middlewares/ST/STM32_USB_Device_Library/Class/CDC/Src/usbd_cdc.o
 *fill*         0x000000002000001a        0x2 
 .data.USBD_CDC
                0x000000002000001c       0x38 ./Middlewares/ST/STM32_USB_Device_Library/Class/CDC/Src/usbd_cdc.o
                0x000000002000001c                USBD_CDC
 .data.USBD_CDC_CfgDesc
                0x0000000020000054       0x43 ./Middlewares/ST/STM32_USB_Device_Library/Class/CDC/Src/usbd_cdc.o
 .data.CDCInEpAdd
                0x0000000020000097        0x1 ./Middlewares/ST/STM32_USB_Device_Library/Class/CDC/Src/usbd_cdc.o
 .data.CDCOutEpAdd
                0x0000000020000098        0x1 ./Middlewares/ST/STM32_USB_Device_Library/Class/CDC/Src/usbd_cdc.o
 .data.CDCCmdEpAdd
                0x0000000020000099        0x1 ./Middlewares/ST/STM32_USB_Device_Library/Class/CDC/Src/usbd_cdc.o
 *fill*         0x000000002000009a        0x2 
 .data.USBD_Interface_fops_FS
                0x000000002000009c       0x14 ./USB_DEVICE/App/usbd_cdc_if.o
                0x000000002000009c                USBD_Interface_fops_FS
 .data.FS_Desc  0x00000000200000b0       0x1c ./USB_DEVICE/App/usbd_desc.o
                0x00000000200000b0                FS_Desc
 .data.USBD_FS_DeviceDesc
                0x00000000200000cc       0x12 ./USB_DEVICE/App/usbd_desc.o
                0x00000000200000cc                USBD_FS_DeviceDesc
 *fill*         0x00000000200000de        0x2 
 .data.USBD_LangIDDesc
                0x00000000200000e0        0x4 ./USB_DEVICE/App/usbd_desc.o
                0x00000000200000e0                USBD_LangIDDesc
 .data.USBD_StringSerial
                0x00000000200000e4       0x1a ./USB_DEVICE/App/usbd_desc.o
                0x00000000200000e4                USBD_StringSerial
 *(.RamFunc)
 *(.RamFunc*)
                0x0000000020000100                . = ALIGN (0x4)
 *fill*         0x00000000200000fe        0x2 
                0x0000000020000100                _edata = .

.igot.plt       0x0000000020000100        0x0 load address 0x0000000008008e8c
 .igot.plt      0x0000000020000100        0x0 c:/st/stm32cubeide_1.10.1/stm32cubeide/plugins/com.st.stm32cube.ide.mcu.externaltools.gnu-tools-for-stm32.10.3-2021.10.win32_1.0.0.202111181127/tools/bin/../lib/gcc/arm-none-eabi/10.3.1/thumb/v7e-m+fp/hard/crtbegin.o
                0x0000000020000100                . = ALIGN (0x4)

.bss            0x0000000020000100     0x24d4 load address 0x0000000008008e8c
                0x0000000020000100                _sbss = .
                0x0000000020000100                __bss_start__ = _sbss
 *(.bss)
 .bss           0x0000000020000100       0x1c c:/st/stm32cubeide_1.10.1/stm32cubeide/plugins/com.st.stm32cube.ide.mcu.externaltools.gnu-tools-for-stm32.10.3-2021.10.win32_1.0.0.202111181127/tools/bin/../lib/gcc/arm-none-eabi/10.3.1/thumb/v7e-m+fp/hard/crtbegin.o
 *(.bss*)
 .bss.hcrc      0x000000002000011c        0x8 ./Core/Src/crc.o
                0x000000002000011c                hcrc
 .bss.rxBufferCounter
                0x0000000020000124        0x2 ./Core/Src/globals.o
                0x0000000020000124                rxBufferCounter
 *fill*         0x0000000020000126        0x2 
 .bss.calculated_CRC_32
                0x0000000020000128        0x4 ./Core/Src/globals.o
                0x0000000020000128                calculated_CRC_32
 .bss.recieved_CRC_32
                0x000000002000012c        0x4 ./Core/Src/globals.o
                0x000000002000012c                recieved_CRC_32
 .bss.pwm       0x0000000020000130        0x2 ./Core/Src/globals.o
                0x0000000020000130                pwm
 .bss.stop_force_control_flag
                0x0000000020000132        0x1 ./Core/Src/globals.o
                0x0000000020000132                stop_force_control_flag
 *fill*         0x0000000020000133        0x1 
 .bss.pwm_calculations
                0x0000000020000134        0x4 ./Core/Src/globals.o
                0x0000000020000134                pwm_calculations
 .bss.CRC_uint32_calc_buffer
                0x0000000020000138       0x10 ./Core/Src/globals.o
                0x0000000020000138                CRC_uint32_calc_buffer
 .bss.force_sensor_4_value
                0x0000000020000148        0x8 ./Core/Src/globals.o
                0x0000000020000148                force_sensor_4_value
 .bss.USB_Tx_buffer
                0x0000000020000150       0x64 ./Core/Src/globals.o
                0x0000000020000150                USB_Tx_buffer
 .bss.txBuffer  0x00000000200001b4      0x3e8 ./Core/Src/globals.o
                0x00000000200001b4                txBuffer
 .bss.rxBuffer  0x000000002000059c      0x3e8 ./Core/Src/globals.o
                0x000000002000059c                rxBuffer
 .bss.uwTick    0x0000000020000984        0x4 ./Drivers/STM32F4xx_HAL_Driver/Src/stm32f4xx_hal.o
                0x0000000020000984                uwTick
 .bss.cfgidx.0  0x0000000020000988        0x1 ./Middlewares/ST/STM32_USB_Device_Library/Core/Src/usbd_ctlreq.o
 *fill*         0x0000000020000989        0x3 
 .bss.hUsbDeviceFS
                0x000000002000098c      0x2dc ./USB_DEVICE/App/usb_device.o
                0x000000002000098c                hUsbDeviceFS
 .bss.USB_Rx_buffer
                0x0000000020000c68       0x40 ./USB_DEVICE/App/usbd_cdc_if.o
                0x0000000020000c68                USB_Rx_buffer
 .bss.UserRxBufferFS
                0x0000000020000ca8      0x800 ./USB_DEVICE/App/usbd_cdc_if.o
                0x0000000020000ca8                UserRxBufferFS
 .bss.UserTxBufferFS
                0x00000000200014a8      0x800 ./USB_DEVICE/App/usbd_cdc_if.o
                0x00000000200014a8                UserTxBufferFS
 .bss.USBD_StrDesc
                0x0000000020001ca8      0x200 ./USB_DEVICE/App/usbd_desc.o
                0x0000000020001ca8                USBD_StrDesc
 .bss.hpcd_USB_OTG_FS
                0x0000000020001ea8      0x50c ./USB_DEVICE/Target/usbd_conf.o
                0x0000000020001ea8                hpcd_USB_OTG_FS
 .bss.mem.0     0x00000000200023b4      0x220 ./USB_DEVICE/Target/usbd_conf.o
 *(COMMON)
                0x00000000200025d4                . = ALIGN (0x4)
                0x00000000200025d4                _ebss = .
                0x00000000200025d4                __bss_end__ = _ebss

._user_heap_stack
                0x00000000200025d4      0x604 load address 0x0000000008008e8c
                0x00000000200025d8                . = ALIGN (0x8)
 *fill*         0x00000000200025d4        0x4 
                [!provide]                        PROVIDE (end = .)
                0x00000000200025d8                PROVIDE (_end = .)
                0x00000000200027d8                . = (. + _Min_Heap_Size)
 *fill*         0x00000000200025d8      0x200 
                0x0000000020002bd8                . = (. + _Min_Stack_Size)
 *fill*         0x00000000200027d8      0x400 
                0x0000000020002bd8                . = ALIGN (0x8)

/DISCARD/
 libc.a(*)
 libm.a(*)
 libgcc.a(*)

.ARM.attributes
                0x0000000000000000       0x30
 *(.ARM.attributes)
 .ARM.attributes
                0x0000000000000000       0x1e c:/st/stm32cubeide_1.10.1/stm32cubeide/plugins/com.st.stm32cube.ide.mcu.externaltools.gnu-tools-for-stm32.10.3-2021.10.win32_1.0.0.202111181127/tools/bin/../lib/gcc/arm-none-eabi/10.3.1/thumb/v7e-m+fp/hard/crti.o
 .ARM.attributes
                0x000000000000001e       0x34 c:/st/stm32cubeide_1.10.1/stm32cubeide/plugins/com.st.stm32cube.ide.mcu.externaltools.gnu-tools-for-stm32.10.3-2021.10.win32_1.0.0.202111181127/tools/bin/../lib/gcc/arm-none-eabi/10.3.1/thumb/v7e-m+fp/hard/crtbegin.o
 .ARM.attributes
                0x0000000000000052       0x34 ./Core/Src/crc.o
 .ARM.attributes
                0x0000000000000086       0x34 ./Core/Src/globals.o
 .ARM.attributes
                0x00000000000000ba       0x34 ./Core/Src/gpio.o
 .ARM.attributes
                0x00000000000000ee       0x34 ./Core/Src/main.o
 .ARM.attributes
                0x0000000000000122       0x34 ./Core/Src/mocap_teleop_lib.o
 .ARM.attributes
                0x0000000000000156       0x34 ./Core/Src/stm32f4xx_hal_msp.o
 .ARM.attributes
                0x000000000000018a       0x34 ./Core/Src/stm32f4xx_it.o
 .ARM.attributes
                0x00000000000001be       0x34 ./Core/Src/system_stm32f4xx.o
 .ARM.attributes
                0x00000000000001f2       0x34 ./Core/Src/tim.o
 .ARM.attributes
                0x0000000000000226       0x34 ./Core/Src/usart.o
 .ARM.attributes
                0x000000000000025a       0x21 ./Core/Startup/startup_stm32f401retx.o
 .ARM.attributes
                0x000000000000027b       0x34 ./Drivers/STM32F4xx_HAL_Driver/Src/stm32f4xx_hal.o
 .ARM.attributes
                0x00000000000002af       0x34 ./Drivers/STM32F4xx_HAL_Driver/Src/stm32f4xx_hal_cortex.o
 .ARM.attributes
                0x00000000000002e3       0x34 ./Drivers/STM32F4xx_HAL_Driver/Src/stm32f4xx_hal_crc.o
 .ARM.attributes
                0x0000000000000317       0x34 ./Drivers/STM32F4xx_HAL_Driver/Src/stm32f4xx_hal_gpio.o
 .ARM.attributes
                0x000000000000034b       0x34 ./Drivers/STM32F4xx_HAL_Driver/Src/stm32f4xx_hal_pcd.o
 .ARM.attributes
                0x000000000000037f       0x34 ./Drivers/STM32F4xx_HAL_Driver/Src/stm32f4xx_hal_pcd_ex.o
 .ARM.attributes
                0x00000000000003b3       0x34 ./Drivers/STM32F4xx_HAL_Driver/Src/stm32f4xx_hal_rcc.o
 .ARM.attributes
                0x00000000000003e7       0x34 ./Drivers/STM32F4xx_HAL_Driver/Src/stm32f4xx_ll_gpio.o
 .ARM.attributes
                0x000000000000041b       0x34 ./Drivers/STM32F4xx_HAL_Driver/Src/stm32f4xx_ll_rcc.o
 .ARM.attributes
                0x000000000000044f       0x34 ./Drivers/STM32F4xx_HAL_Driver/Src/stm32f4xx_ll_tim.o
 .ARM.attributes
                0x0000000000000483       0x34 ./Drivers/STM32F4xx_HAL_Driver/Src/stm32f4xx_ll_usart.o
 .ARM.attributes
                0x00000000000004b7       0x34 ./Drivers/STM32F4xx_HAL_Driver/Src/stm32f4xx_ll_usb.o
 .ARM.attributes
                0x00000000000004eb       0x34 ./Drivers/STM32F4xx_HAL_Driver/Src/stm32f4xx_ll_utils.o
 .ARM.attributes
                0x000000000000051f       0x34 ./Middlewares/ST/STM32_USB_Device_Library/Class/CDC/Src/usbd_cdc.o
 .ARM.attributes
                0x0000000000000553       0x34 ./Middlewares/ST/STM32_USB_Device_Library/Core/Src/usbd_core.o
 .ARM.attributes
                0x0000000000000587       0x34 ./Middlewares/ST/STM32_USB_Device_Library/Core/Src/usbd_ctlreq.o
 .ARM.attributes
                0x00000000000005bb       0x34 ./Middlewares/ST/STM32_USB_Device_Library/Core/Src/usbd_ioreq.o
 .ARM.attributes
                0x00000000000005ef       0x34 ./USB_DEVICE/App/usb_device.o
 .ARM.attributes
                0x0000000000000623       0x34 ./USB_DEVICE/App/usbd_cdc_if.o
 .ARM.attributes
                0x0000000000000657       0x34 ./USB_DEVICE/App/usbd_desc.o
 .ARM.attributes
                0x000000000000068b       0x34 ./USB_DEVICE/Target/usbd_conf.o
 .ARM.attributes
                0x00000000000006bf       0x34 c:/st/stm32cubeide_1.10.1/stm32cubeide/plugins/com.st.stm32cube.ide.mcu.externaltools.gnu-tools-for-stm32.10.3-2021.10.win32_1.0.0.202111181127/tools/bin/../lib/gcc/arm-none-eabi/10.3.1/../../../../arm-none-eabi/lib/thumb/v7e-m+fp/hard\libc_nano.a(lib_a-init.o)
 .ARM.attributes
                0x00000000000006f3       0x34 c:/st/stm32cubeide_1.10.1/stm32cubeide/plugins/com.st.stm32cube.ide.mcu.externaltools.gnu-tools-for-stm32.10.3-2021.10.win32_1.0.0.202111181127/tools/bin/../lib/gcc/arm-none-eabi/10.3.1/../../../../arm-none-eabi/lib/thumb/v7e-m+fp/hard\libc_nano.a(lib_a-memcpy-stub.o)
 .ARM.attributes
                0x0000000000000727       0x34 c:/st/stm32cubeide_1.10.1/stm32cubeide/plugins/com.st.stm32cube.ide.mcu.externaltools.gnu-tools-for-stm32.10.3-2021.10.win32_1.0.0.202111181127/tools/bin/../lib/gcc/arm-none-eabi/10.3.1/../../../../arm-none-eabi/lib/thumb/v7e-m+fp/hard\libc_nano.a(lib_a-memset.o)
 .ARM.attributes
                0x000000000000075b       0x34 c:/st/stm32cubeide_1.10.1/stm32cubeide/plugins/com.st.stm32cube.ide.mcu.externaltools.gnu-tools-for-stm32.10.3-2021.10.win32_1.0.0.202111181127/tools/bin/../lib/gcc/arm-none-eabi/10.3.1/../../../../arm-none-eabi/lib/thumb/v7e-m+fp/hard\libm.a(lib_a-sf_round.o)
 .ARM.attributes
                0x000000000000078f       0x1e c:/st/stm32cubeide_1.10.1/stm32cubeide/plugins/com.st.stm32cube.ide.mcu.externaltools.gnu-tools-for-stm32.10.3-2021.10.win32_1.0.0.202111181127/tools/bin/../lib/gcc/arm-none-eabi/10.3.1/thumb/v7e-m+fp/hard\libgcc.a(_aeabi_uldivmod.o)
 .ARM.attributes
                0x00000000000007ad       0x34 c:/st/stm32cubeide_1.10.1/stm32cubeide/plugins/com.st.stm32cube.ide.mcu.externaltools.gnu-tools-for-stm32.10.3-2021.10.win32_1.0.0.202111181127/tools/bin/../lib/gcc/arm-none-eabi/10.3.1/thumb/v7e-m+fp/hard\libgcc.a(_udivmoddi4.o)
 .ARM.attributes
                0x00000000000007e1       0x1e c:/st/stm32cubeide_1.10.1/stm32cubeide/plugins/com.st.stm32cube.ide.mcu.externaltools.gnu-tools-for-stm32.10.3-2021.10.win32_1.0.0.202111181127/tools/bin/../lib/gcc/arm-none-eabi/10.3.1/thumb/v7e-m+fp/hard\libgcc.a(_dvmd_tls.o)
 .ARM.attributes
                0x00000000000007ff       0x1e c:/st/stm32cubeide_1.10.1/stm32cubeide/plugins/com.st.stm32cube.ide.mcu.externaltools.gnu-tools-for-stm32.10.3-2021.10.win32_1.0.0.202111181127/tools/bin/../lib/gcc/arm-none-eabi/10.3.1/thumb/v7e-m+fp/hard/crtn.o
OUTPUT(mocap_teleop_pcb.elf elf32-littlearm)
LOAD linker stubs
LOAD c:/st/stm32cubeide_1.10.1/stm32cubeide/plugins/com.st.stm32cube.ide.mcu.externaltools.gnu-tools-for-stm32.10.3-2021.10.win32_1.0.0.202111181127/tools/bin/../lib/gcc/arm-none-eabi/10.3.1/../../../../arm-none-eabi/lib/thumb/v7e-m+fp/hard\libc.a
LOAD c:/st/stm32cubeide_1.10.1/stm32cubeide/plugins/com.st.stm32cube.ide.mcu.externaltools.gnu-tools-for-stm32.10.3-2021.10.win32_1.0.0.202111181127/tools/bin/../lib/gcc/arm-none-eabi/10.3.1/../../../../arm-none-eabi/lib/thumb/v7e-m+fp/hard\libm.a
LOAD c:/st/stm32cubeide_1.10.1/stm32cubeide/plugins/com.st.stm32cube.ide.mcu.externaltools.gnu-tools-for-stm32.10.3-2021.10.win32_1.0.0.202111181127/tools/bin/../lib/gcc/arm-none-eabi/10.3.1/thumb/v7e-m+fp/hard\libgcc.a

.debug_info     0x0000000000000000    0x156c2
 .debug_info    0x0000000000000000      0x540 ./Core/Src/crc.o
 .debug_info    0x0000000000000540      0x2ed ./Core/Src/globals.o
 .debug_info    0x000000000000082d      0x52e ./Core/Src/gpio.o
 .debug_info    0x0000000000000d5b     0x1082 ./Core/Src/main.o
 .debug_info    0x0000000000001ddd      0x876 ./Core/Src/mocap_teleop_lib.o
 .debug_info    0x0000000000002653      0x387 ./Core/Src/stm32f4xx_hal_msp.o
 .debug_info    0x00000000000029da      0x97c ./Core/Src/stm32f4xx_it.o
 .debug_info    0x0000000000003356      0x54f ./Core/Src/system_stm32f4xx.o
 .debug_info    0x00000000000038a5     0x109b ./Core/Src/tim.o
 .debug_info    0x0000000000004940      0xc35 ./Core/Src/usart.o
 .debug_info    0x0000000000005575       0x22 ./Core/Startup/startup_stm32f401retx.o
 .debug_info    0x0000000000005597      0x906 ./Drivers/STM32F4xx_HAL_Driver/Src/stm32f4xx_hal.o
 .debug_info    0x0000000000005e9d      0xd85 ./Drivers/STM32F4xx_HAL_Driver/Src/stm32f4xx_hal_cortex.o
 .debug_info    0x0000000000006c22      0x39f ./Drivers/STM32F4xx_HAL_Driver/Src/stm32f4xx_hal_crc.o
 .debug_info    0x0000000000006fc1      0x78e ./Drivers/STM32F4xx_HAL_Driver/Src/stm32f4xx_hal_gpio.o
 .debug_info    0x000000000000774f     0x168d ./Drivers/STM32F4xx_HAL_Driver/Src/stm32f4xx_hal_pcd.o
 .debug_info    0x0000000000008ddc      0x717 ./Drivers/STM32F4xx_HAL_Driver/Src/stm32f4xx_hal_pcd_ex.o
 .debug_info    0x00000000000094f3      0x98c ./Drivers/STM32F4xx_HAL_Driver/Src/stm32f4xx_hal_rcc.o
 .debug_info    0x0000000000009e7f      0x874 ./Drivers/STM32F4xx_HAL_Driver/Src/stm32f4xx_ll_gpio.o
 .debug_info    0x000000000000a6f3      0x7d2 ./Drivers/STM32F4xx_HAL_Driver/Src/stm32f4xx_ll_rcc.o
 .debug_info    0x000000000000aec5      0xfba ./Drivers/STM32F4xx_HAL_Driver/Src/stm32f4xx_ll_tim.o
 .debug_info    0x000000000000be7f      0x77d ./Drivers/STM32F4xx_HAL_Driver/Src/stm32f4xx_ll_usart.o
 .debug_info    0x000000000000c5fc     0x1a97 ./Drivers/STM32F4xx_HAL_Driver/Src/stm32f4xx_ll_usb.o
 .debug_info    0x000000000000e093      0x970 ./Drivers/STM32F4xx_HAL_Driver/Src/stm32f4xx_ll_utils.o
 .debug_info    0x000000000000ea03     0x13a7 ./Middlewares/ST/STM32_USB_Device_Library/Class/CDC/Src/usbd_cdc.o
 .debug_info    0x000000000000fdaa      0xf82 ./Middlewares/ST/STM32_USB_Device_Library/Core/Src/usbd_core.o
 .debug_info    0x0000000000010d2c      0xc1a ./Middlewares/ST/STM32_USB_Device_Library/Core/Src/usbd_ctlreq.o
 .debug_info    0x0000000000011946      0x875 ./Middlewares/ST/STM32_USB_Device_Library/Core/Src/usbd_ioreq.o
 .debug_info    0x00000000000121bb      0x80d ./USB_DEVICE/App/usb_device.o
 .debug_info    0x00000000000129c8      0xa77 ./USB_DEVICE/App/usbd_cdc_if.o
 .debug_info    0x000000000001343f      0x533 ./USB_DEVICE/App/usbd_desc.o
 .debug_info    0x0000000000013972     0x1d50 ./USB_DEVICE/Target/usbd_conf.o

.debug_abbrev   0x0000000000000000     0x4093
 .debug_abbrev  0x0000000000000000      0x1a6 ./Core/Src/crc.o
 .debug_abbrev  0x00000000000001a6       0x95 ./Core/Src/globals.o
 .debug_abbrev  0x000000000000023b      0x191 ./Core/Src/gpio.o
 .debug_abbrev  0x00000000000003cc      0x314 ./Core/Src/main.o
 .debug_abbrev  0x00000000000006e0      0x254 ./Core/Src/mocap_teleop_lib.o
 .debug_abbrev  0x0000000000000934       0xdb ./Core/Src/stm32f4xx_hal_msp.o
 .debug_abbrev  0x0000000000000a0f      0x255 ./Core/Src/stm32f4xx_it.o
 .debug_abbrev  0x0000000000000c64      0x116 ./Core/Src/system_stm32f4xx.o
 .debug_abbrev  0x0000000000000d7a      0x1f2 ./Core/Src/tim.o
 .debug_abbrev  0x0000000000000f6c      0x1f2 ./Core/Src/usart.o
 .debug_abbrev  0x000000000000115e       0x12 ./Core/Startup/startup_stm32f401retx.o
 .debug_abbrev  0x0000000000001170      0x23e ./Drivers/STM32F4xx_HAL_Driver/Src/stm32f4xx_hal.o
 .debug_abbrev  0x00000000000013ae      0x316 ./Drivers/STM32F4xx_HAL_Driver/Src/stm32f4xx_hal_cortex.o
 .debug_abbrev  0x00000000000016c4      0x16f ./Drivers/STM32F4xx_HAL_Driver/Src/stm32f4xx_hal_crc.o
 .debug_abbrev  0x0000000000001833      0x1c4 ./Drivers/STM32F4xx_HAL_Driver/Src/stm32f4xx_hal_gpio.o
 .debug_abbrev  0x00000000000019f7      0x2bb ./Drivers/STM32F4xx_HAL_Driver/Src/stm32f4xx_hal_pcd.o
 .debug_abbrev  0x0000000000001cb2      0x1ce ./Drivers/STM32F4xx_HAL_Driver/Src/stm32f4xx_hal_pcd_ex.o
 .debug_abbrev  0x0000000000001e80      0x2aa ./Drivers/STM32F4xx_HAL_Driver/Src/stm32f4xx_hal_rcc.o
 .debug_abbrev  0x000000000000212a      0x20e ./Drivers/STM32F4xx_HAL_Driver/Src/stm32f4xx_ll_gpio.o
 .debug_abbrev  0x0000000000002338      0x1e7 ./Drivers/STM32F4xx_HAL_Driver/Src/stm32f4xx_ll_rcc.o
 .debug_abbrev  0x000000000000251f      0x205 ./Drivers/STM32F4xx_HAL_Driver/Src/stm32f4xx_ll_tim.o
 .debug_abbrev  0x0000000000002724      0x1e0 ./Drivers/STM32F4xx_HAL_Driver/Src/stm32f4xx_ll_usart.o
 .debug_abbrev  0x0000000000002904      0x296 ./Drivers/STM32F4xx_HAL_Driver/Src/stm32f4xx_ll_usb.o
 .debug_abbrev  0x0000000000002b9a      0x22a ./Drivers/STM32F4xx_HAL_Driver/Src/stm32f4xx_ll_utils.o
 .debug_abbrev  0x0000000000002dc4      0x2d6 ./Middlewares/ST/STM32_USB_Device_Library/Class/CDC/Src/usbd_cdc.o
 .debug_abbrev  0x000000000000309a      0x27b ./Middlewares/ST/STM32_USB_Device_Library/Core/Src/usbd_core.o
 .debug_abbrev  0x0000000000003315      0x263 ./Middlewares/ST/STM32_USB_Device_Library/Core/Src/usbd_ctlreq.o
 .debug_abbrev  0x0000000000003578      0x1a2 ./Middlewares/ST/STM32_USB_Device_Library/Core/Src/usbd_ioreq.o
 .debug_abbrev  0x000000000000371a      0x19e ./USB_DEVICE/App/usb_device.o
 .debug_abbrev  0x00000000000038b8      0x2be ./USB_DEVICE/App/usbd_cdc_if.o
 .debug_abbrev  0x0000000000003b76      0x1f2 ./USB_DEVICE/App/usbd_desc.o
 .debug_abbrev  0x0000000000003d68      0x32b ./USB_DEVICE/Target/usbd_conf.o

.debug_aranges  0x0000000000000000     0x12c0
 .debug_aranges
                0x0000000000000000       0x30 ./Core/Src/crc.o
 .debug_aranges
                0x0000000000000030       0x18 ./Core/Src/globals.o
 .debug_aranges
                0x0000000000000048       0x30 ./Core/Src/gpio.o
 .debug_aranges
                0x0000000000000078       0xe8 ./Core/Src/main.o
 .debug_aranges
                0x0000000000000160       0x80 ./Core/Src/mocap_teleop_lib.o
 .debug_aranges
                0x00000000000001e0       0x20 ./Core/Src/stm32f4xx_hal_msp.o
 .debug_aranges
                0x0000000000000200       0xc8 ./Core/Src/stm32f4xx_it.o
 .debug_aranges
                0x00000000000002c8       0x28 ./Core/Src/system_stm32f4xx.o
 .debug_aranges
                0x00000000000002f0       0xa8 ./Core/Src/tim.o
 .debug_aranges
                0x0000000000000398       0x60 ./Core/Src/usart.o
 .debug_aranges
                0x00000000000003f8       0x28 ./Core/Startup/startup_stm32f401retx.o
 .debug_aranges
                0x0000000000000420       0xf0 ./Drivers/STM32F4xx_HAL_Driver/Src/stm32f4xx_hal.o
 .debug_aranges
                0x0000000000000510      0x118 ./Drivers/STM32F4xx_HAL_Driver/Src/stm32f4xx_hal_cortex.o
 .debug_aranges
                0x0000000000000628       0x50 ./Drivers/STM32F4xx_HAL_Driver/Src/stm32f4xx_hal_crc.o
 .debug_aranges
                0x0000000000000678       0x58 ./Drivers/STM32F4xx_HAL_Driver/Src/stm32f4xx_hal_gpio.o
 .debug_aranges
                0x00000000000006d0      0x148 ./Drivers/STM32F4xx_HAL_Driver/Src/stm32f4xx_hal_pcd.o
 .debug_aranges
                0x0000000000000818       0x38 ./Drivers/STM32F4xx_HAL_Driver/Src/stm32f4xx_hal_pcd_ex.o
 .debug_aranges
                0x0000000000000850       0x88 ./Drivers/STM32F4xx_HAL_Driver/Src/stm32f4xx_hal_rcc.o
 .debug_aranges
                0x00000000000008d8       0x70 ./Drivers/STM32F4xx_HAL_Driver/Src/stm32f4xx_ll_gpio.o
 .debug_aranges
                0x0000000000000948      0x110 ./Drivers/STM32F4xx_HAL_Driver/Src/stm32f4xx_ll_rcc.o
 .debug_aranges
                0x0000000000000a58      0x128 ./Drivers/STM32F4xx_HAL_Driver/Src/stm32f4xx_ll_tim.o
 .debug_aranges
                0x0000000000000b80       0x88 ./Drivers/STM32F4xx_HAL_Driver/Src/stm32f4xx_ll_usart.o
 .debug_aranges
                0x0000000000000c08      0x1a0 ./Drivers/STM32F4xx_HAL_Driver/Src/stm32f4xx_ll_usb.o
 .debug_aranges
                0x0000000000000da8       0xf8 ./Drivers/STM32F4xx_HAL_Driver/Src/stm32f4xx_ll_utils.o
 .debug_aranges
                0x0000000000000ea0       0x90 ./Middlewares/ST/STM32_USB_Device_Library/Class/CDC/Src/usbd_cdc.o
 .debug_aranges
                0x0000000000000f30       0xd8 ./Middlewares/ST/STM32_USB_Device_Library/Core/Src/usbd_core.o
 .debug_aranges
                0x0000000000001008       0x90 ./Middlewares/ST/STM32_USB_Device_Library/Core/Src/usbd_ctlreq.o
 .debug_aranges
                0x0000000000001098       0x50 ./Middlewares/ST/STM32_USB_Device_Library/Core/Src/usbd_ioreq.o
 .debug_aranges
                0x00000000000010e8       0x20 ./USB_DEVICE/App/usb_device.o
 .debug_aranges
                0x0000000000001108       0x48 ./USB_DEVICE/App/usbd_cdc_if.o
 .debug_aranges
                0x0000000000001150       0x60 ./USB_DEVICE/App/usbd_desc.o
 .debug_aranges
                0x00000000000011b0      0x110 ./USB_DEVICE/Target/usbd_conf.o

.debug_ranges   0x0000000000000000     0x10c0
 .debug_ranges  0x0000000000000000       0x20 ./Core/Src/crc.o
 .debug_ranges  0x0000000000000020       0x20 ./Core/Src/gpio.o
 .debug_ranges  0x0000000000000040       0xd8 ./Core/Src/main.o
 .debug_ranges  0x0000000000000118       0x70 ./Core/Src/mocap_teleop_lib.o
 .debug_ranges  0x0000000000000188       0x10 ./Core/Src/stm32f4xx_hal_msp.o
 .debug_ranges  0x0000000000000198       0xb8 ./Core/Src/stm32f4xx_it.o
 .debug_ranges  0x0000000000000250       0x18 ./Core/Src/system_stm32f4xx.o
 .debug_ranges  0x0000000000000268       0x98 ./Core/Src/tim.o
 .debug_ranges  0x0000000000000300       0x50 ./Core/Src/usart.o
 .debug_ranges  0x0000000000000350       0x20 ./Core/Startup/startup_stm32f401retx.o
 .debug_ranges  0x0000000000000370       0xe0 ./Drivers/STM32F4xx_HAL_Driver/Src/stm32f4xx_hal.o
 .debug_ranges  0x0000000000000450      0x108 ./Drivers/STM32F4xx_HAL_Driver/Src/stm32f4xx_hal_cortex.o
 .debug_ranges  0x0000000000000558       0x40 ./Drivers/STM32F4xx_HAL_Driver/Src/stm32f4xx_hal_crc.o
 .debug_ranges  0x0000000000000598       0x48 ./Drivers/STM32F4xx_HAL_Driver/Src/stm32f4xx_hal_gpio.o
 .debug_ranges  0x00000000000005e0      0x138 ./Drivers/STM32F4xx_HAL_Driver/Src/stm32f4xx_hal_pcd.o
 .debug_ranges  0x0000000000000718       0x28 ./Drivers/STM32F4xx_HAL_Driver/Src/stm32f4xx_hal_pcd_ex.o
 .debug_ranges  0x0000000000000740       0x78 ./Drivers/STM32F4xx_HAL_Driver/Src/stm32f4xx_hal_rcc.o
 .debug_ranges  0x00000000000007b8       0x60 ./Drivers/STM32F4xx_HAL_Driver/Src/stm32f4xx_ll_gpio.o
 .debug_ranges  0x0000000000000818      0x100 ./Drivers/STM32F4xx_HAL_Driver/Src/stm32f4xx_ll_rcc.o
 .debug_ranges  0x0000000000000918      0x118 ./Drivers/STM32F4xx_HAL_Driver/Src/stm32f4xx_ll_tim.o
 .debug_ranges  0x0000000000000a30       0x78 ./Drivers/STM32F4xx_HAL_Driver/Src/stm32f4xx_ll_usart.o
 .debug_ranges  0x0000000000000aa8      0x190 ./Drivers/STM32F4xx_HAL_Driver/Src/stm32f4xx_ll_usb.o
 .debug_ranges  0x0000000000000c38       0xe8 ./Drivers/STM32F4xx_HAL_Driver/Src/stm32f4xx_ll_utils.o